  ╨Ю╨┐╤А╨╡╨┤╨╡╨╗╨╡╨╜╨╕╨╡ ╨┐╤А╨╛╨╡╨║╤В╨╛╨▓ ╨┤╨╗╤П ╨▓╨╛╤Б╤Б╤В╨░╨╜╨╛╨▓╨╗╨╡╨╜╨╕╤П...
  ╨Т╨╛╤Б╤Б╤В╨░╨╜╨╛╨▓╨╗╨╡╨╜ C:\Users\zxc23\OneDrive\Desktop\final\FinalBot.csproj (╨╖╨░ 674┬а╨╝╤Б).
C:\Users\zxc23\OneDrive\Desktop\final\Logger.cs(35,65): warning CS8625: ╨Ы╨╕╤В╨╡╤А╨░╨╗, ╤А╨░╨▓╨╜╤Л╨╣ NULL, ╨╜╨╡ ╨╝╨╛╨╢╨╡╤В ╨▒╤Л╤В╤М ╨┐╤А╨╡╨╛╨▒╤А╨░╨╖╨╛╨▓╨░╨╜ ╨▓ ╤Б╤Б╤Л╨╗╨╛╤З╨╜╤Л╨╣ ╤В╨╕╨┐, ╨╜╨╡ ╨┤╨╛╨┐╤Г╤Б╨║╨░╤О╤Й╨╕╨╣ ╨╖╨╜╨░╤З╨╡╨╜╨╕╨╡ NULL. [C:\Users\zxc23\OneDrive\Desktop\final\FinalBot.csproj]
C:\Users\zxc23\OneDrive\Desktop\final\defense\persist.cs(617,52): warning CS8625: ╨Ы╨╕╤В╨╡╤А╨░╨╗, ╤А╨░╨▓╨╜╤Л╨╣ NULL, ╨╜╨╡ ╨╝╨╛╨╢╨╡╤В ╨▒╤Л╤В╤М ╨┐╤А╨╡╨╛╨▒╤А╨░╨╖╨╛╨▓╨░╨╜ ╨▓ ╤Б╤Б╤Л╨╗╨╛╤З╨╜╤Л╨╣ ╤В╨╕╨┐, ╨╜╨╡ ╨┤╨╛╨┐╤Г╤Б╨║╨░╤О╤Й╨╕╨╣ ╨╖╨╜╨░╤З╨╡╨╜╨╕╨╡ NULL. [C:\Users\zxc23\OneDrive\Desktop\final\FinalBot.csproj]
C:\Users\zxc23\OneDrive\Desktop\final\defense\Harvester.cs(32,30): warning CS0168: ╨Я╨╡╤А╨╡╨╝╨╡╨╜╨╜╨░╤П "ex" ╨╛╨▒╤К╤П╨▓╨╗╨╡╨╜╨░, ╨╜╨╛ ╨╜╨╕ ╤А╨░╨╖╤Г ╨╜╨╡ ╨╕╤Б╨┐╨╛╨╗╤М╨╖╨╛╨▓╨░╨╜╨░. [C:\Users\zxc23\OneDrive\Desktop\final\FinalBot.csproj]
C:\Users\zxc23\OneDrive\Desktop\final\defense\Protector.cs(46,47): warning CS8625: ╨Ы╨╕╤В╨╡╤А╨░╨╗, ╤А╨░╨▓╨╜╤Л╨╣ NULL, ╨╜╨╡ ╨╝╨╛╨╢╨╡╤В ╨▒╤Л╤В╤М ╨┐╤А╨╡╨╛╨▒╤А╨░╨╖╨╛╨▓╨░╨╜ ╨▓ ╤Б╤Б╤Л╨╗╨╛╤З╨╜╤Л╨╣ ╤В╨╕╨┐, ╨╜╨╡ ╨┤╨╛╨┐╤Г╤Б╨║╨░╤О╤Й╨╕╨╣ ╨╖╨╜╨░╤З╨╡╨╜╨╕╨╡ NULL. [C:\Users\zxc23\OneDrive\Desktop\final\FinalBot.csproj]
C:\Users\zxc23\OneDrive\Desktop\final\GistService.cs(24,32): warning CS8600: ╨Я╤А╨╡╨╛╨▒╤А╨░╨╖╨╛╨▓╨░╨╜╨╕╨╡ ╨╗╨╕╤В╨╡╤А╨░╨╗╨░, ╨┤╨╛╨┐╤Г╤Б╨║╨░╤О╤Й╨╡╨│╨╛ ╨╖╨╜╨░╤З╨╡╨╜╨╕╨╡ NULL ╨╕╨╗╨╕ ╨▓╨╛╨╖╨╝╨╛╨╢╨╜╨╛╨│╨╛ ╨╖╨╜╨░╤З╨╡╨╜╨╕╤П NULL ╨▓ ╤В╨╕╨┐, ╨╜╨╡ ╨┤╨╛╨┐╤Г╤Б╨║╨░╤О╤Й╨╕╨╣ ╨╖╨╜╨░╤З╨╡╨╜╨╕╨╡ NULL. [C:\Users\zxc23\OneDrive\Desktop\final\FinalBot.csproj]
C:\Users\zxc23\OneDrive\Desktop\final\GistService.cs(25,33): warning CS8600: ╨Я╤А╨╡╨╛╨▒╤А╨░╨╖╨╛╨▓╨░╨╜╨╕╨╡ ╨╗╨╕╤В╨╡╤А╨░╨╗╨░, ╨┤╨╛╨┐╤Г╤Б╨║╨░╤О╤Й╨╡╨│╨╛ ╨╖╨╜╨░╤З╨╡╨╜╨╕╨╡ NULL ╨╕╨╗╨╕ ╨▓╨╛╨╖╨╝╨╛╨╢╨╜╨╛╨│╨╛ ╨╖╨╜╨░╤З╨╡╨╜╨╕╤П NULL ╨▓ ╤В╨╕╨┐, ╨╜╨╡ ╨┤╨╛╨┐╤Г╤Б╨║╨░╤О╤Й╨╕╨╣ ╨╖╨╜╨░╤З╨╡╨╜╨╕╨╡ NULL. [C:\Users\zxc23\OneDrive\Desktop\final\FinalBot.csproj]
C:\Users\zxc23\OneDrive\Desktop\final\defense\launcher.cs(132,28): warning CS8603: ╨Т╨╛╨╖╨╝╨╛╨╢╨╜╨╛, ╨▓╨╛╨╖╨▓╤А╨░╤В ╤Б╤Б╤Л╨╗╨║╨╕, ╨┤╨╛╨┐╤Г╤Б╨║╨░╤О╤Й╨╡╨╣ ╨╖╨╜╨░╤З╨╡╨╜╨╕╨╡ NULL. [C:\Users\zxc23\OneDrive\Desktop\final\FinalBot.csproj]
C:\Users\zxc23\OneDrive\Desktop\final\defense\launcher.cs(137,28): warning CS8603: ╨Т╨╛╨╖╨╝╨╛╨╢╨╜╨╛, ╨▓╨╛╨╖╨▓╤А╨░╤В ╤Б╤Б╤Л╨╗╨║╨╕, ╨┤╨╛╨┐╤Г╤Б╨║╨░╤О╤Й╨╡╨╣ ╨╖╨╜╨░╤З╨╡╨╜╨╕╨╡ NULL. [C:\Users\zxc23\OneDrive\Desktop\final\FinalBot.csproj]
C:\Users\zxc23\OneDrive\Desktop\final\Modules\DiscordRemoteManager.cs(23,44): warning CS8600: ╨Я╤А╨╡╨╛╨▒╤А╨░╨╖╨╛╨▓╨░╨╜╨╕╨╡ ╨╗╨╕╤В╨╡╤А╨░╨╗╨░, ╨┤╨╛╨┐╤Г╤Б╨║╨░╤О╤Й╨╡╨│╨╛ ╨╖╨╜╨░╤З╨╡╨╜╨╕╨╡ NULL ╨╕╨╗╨╕ ╨▓╨╛╨╖╨╝╨╛╨╢╨╜╨╛╨│╨╛ ╨╖╨╜╨░╤З╨╡╨╜╨╕╤П NULL ╨▓ ╤В╨╕╨┐, ╨╜╨╡ ╨┤╨╛╨┐╤Г╤Б╨║╨░╤О╤Й╨╕╨╣ ╨╖╨╜╨░╤З╨╡╨╜╨╕╨╡ NULL. [C:\Users\zxc23\OneDrive\Desktop\final\FinalBot.csproj]
C:\Users\zxc23\OneDrive\Desktop\final\defense\ElevationService.cs(164,46): warning CS8600: ╨Я╤А╨╡╨╛╨▒╤А╨░╨╖╨╛╨▓╨░╨╜╨╕╨╡ ╨╗╨╕╤В╨╡╤А╨░╨╗╨░, ╨┤╨╛╨┐╤Г╤Б╨║╨░╤О╤Й╨╡╨│╨╛ ╨╖╨╜╨░╤З╨╡╨╜╨╕╨╡ NULL ╨╕╨╗╨╕ ╨▓╨╛╨╖╨╝╨╛╨╢╨╜╨╛╨│╨╛ ╨╖╨╜╨░╤З╨╡╨╜╨╕╤П NULL ╨▓ ╤В╨╕╨┐, ╨╜╨╡ ╨┤╨╛╨┐╤Г╤Б╨║╨░╤О╤Й╨╕╨╣ ╨╖╨╜╨░╤З╨╡╨╜╨╕╨╡ NULL. [C:\Users\zxc23\OneDrive\Desktop\final\FinalBot.csproj]
C:\Users\zxc23\OneDrive\Desktop\final\Persistence.cs(15,35): warning CS8600: ╨Я╤А╨╡╨╛╨▒╤А╨░╨╖╨╛╨▓╨░╨╜╨╕╨╡ ╨╗╨╕╤В╨╡╤А╨░╨╗╨░, ╨┤╨╛╨┐╤Г╤Б╨║╨░╤О╤Й╨╡╨│╨╛ ╨╖╨╜╨░╤З╨╡╨╜╨╕╨╡ NULL ╨╕╨╗╨╕ ╨▓╨╛╨╖╨╝╨╛╨╢╨╜╨╛╨│╨╛ ╨╖╨╜╨░╤З╨╡╨╜╨╕╤П NULL ╨▓ ╤В╨╕╨┐, ╨╜╨╡ ╨┤╨╛╨┐╤Г╤Б╨║╨░╤О╤Й╨╕╨╣ ╨╖╨╜╨░╤З╨╡╨╜╨╕╨╡ NULL. [C:\Users\zxc23\OneDrive\Desktop\final\FinalBot.csproj]
C:\Users\zxc23\OneDrive\Desktop\final\defense\persist.cs(226,35): warning CS8625: ╨Ы╨╕╤В╨╡╤А╨░╨╗, ╤А╨░╨▓╨╜╤Л╨╣ NULL, ╨╜╨╡ ╨╝╨╛╨╢╨╡╤В ╨▒╤Л╤В╤М ╨┐╤А╨╡╨╛╨▒╤А╨░╨╖╨╛╨▓╨░╨╜ ╨▓ ╤Б╤Б╤Л╨╗╨╛╤З╨╜╤Л╨╣ ╤В╨╕╨┐, ╨╜╨╡ ╨┤╨╛╨┐╤Г╤Б╨║╨░╤О╤Й╨╕╨╣ ╨╖╨╜╨░╤З╨╡╨╜╨╕╨╡ NULL. [C:\Users\zxc23\OneDrive\Desktop\final\FinalBot.csproj]
C:\Users\zxc23\OneDrive\Desktop\final\defense\persist.cs(233,21): warning CS8625: ╨Ы╨╕╤В╨╡╤А╨░╨╗, ╤А╨░╨▓╨╜╤Л╨╣ NULL, ╨╜╨╡ ╨╝╨╛╨╢╨╡╤В ╨▒╤Л╤В╤М ╨┐╤А╨╡╨╛╨▒╤А╨░╨╖╨╛╨▓╨░╨╜ ╨▓ ╤Б╤Б╤Л╨╗╨╛╤З╨╜╤Л╨╣ ╤В╨╕╨┐, ╨╜╨╡ ╨┤╨╛╨┐╤Г╤Б╨║╨░╤О╤Й╨╕╨╣ ╨╖╨╜╨░╤З╨╡╨╜╨╕╨╡ NULL. [C:\Users\zxc23\OneDrive\Desktop\final\FinalBot.csproj]
C:\Users\zxc23\OneDrive\Desktop\final\Persistence.cs(75,41): warning CS8600: ╨Я╤А╨╡╨╛╨▒╤А╨░╨╖╨╛╨▓╨░╨╜╨╕╨╡ ╨╗╨╕╤В╨╡╤А╨░╨╗╨░, ╨┤╨╛╨┐╤Г╤Б╨║╨░╤О╤Й╨╡╨│╨╛ ╨╖╨╜╨░╤З╨╡╨╜╨╕╨╡ NULL ╨╕╨╗╨╕ ╨▓╨╛╨╖╨╝╨╛╨╢╨╜╨╛╨│╨╛ ╨╖╨╜╨░╤З╨╡╨╜╨╕╤П NULL ╨▓ ╤В╨╕╨┐, ╨╜╨╡ ╨┤╨╛╨┐╤Г╤Б╨║╨░╤О╤Й╨╕╨╣ ╨╖╨╜╨░╤З╨╡╨╜╨╕╨╡ NULL. [C:\Users\zxc23\OneDrive\Desktop\final\FinalBot.csproj]
C:\Users\zxc23\OneDrive\Desktop\final\defense\SafetyManager.cs(192,58): warning CS8603: ╨Т╨╛╨╖╨╝╨╛╨╢╨╜╨╛, ╨▓╨╛╨╖╨▓╤А╨░╤В ╤Б╤Б╤Л╨╗╨║╨╕, ╨┤╨╛╨┐╤Г╤Б╨║╨░╤О╤Й╨╡╨╣ ╨╖╨╜╨░╤З╨╡╨╜╨╕╨╡ NULL. [C:\Users\zxc23\OneDrive\Desktop\final\FinalBot.csproj]
C:\Users\zxc23\OneDrive\Desktop\final\defense\SafetyManager.cs(196,44): warning CS8603: ╨Т╨╛╨╖╨╝╨╛╨╢╨╜╨╛, ╨▓╨╛╨╖╨▓╤А╨░╤В ╤Б╤Б╤Л╨╗╨║╨╕, ╨┤╨╛╨┐╤Г╤Б╨║╨░╤О╤Й╨╡╨╣ ╨╖╨╜╨░╤З╨╡╨╜╨╕╨╡ NULL. [C:\Users\zxc23\OneDrive\Desktop\final\FinalBot.csproj]
C:\Users\zxc23\OneDrive\Desktop\final\defense\SafetyManager.cs(199,42): warning CS8603: ╨Т╨╛╨╖╨╝╨╛╨╢╨╜╨╛, ╨▓╨╛╨╖╨▓╤А╨░╤В ╤Б╤Б╤Л╨╗╨║╨╕, ╨┤╨╛╨┐╤Г╤Б╨║╨░╤О╤Й╨╡╨╣ ╨╖╨╜╨░╤З╨╡╨╜╨╕╨╡ NULL. [C:\Users\zxc23\OneDrive\Desktop\final\FinalBot.csproj]
C:\Users\zxc23\OneDrive\Desktop\final\defense\SafetyManager.cs(209,28): warning CS8603: ╨Т╨╛╨╖╨╝╨╛╨╢╨╜╨╛, ╨▓╨╛╨╖╨▓╤А╨░╤В ╤Б╤Б╤Л╨╗╨║╨╕, ╨┤╨╛╨┐╤Г╤Б╨║╨░╤О╤Й╨╡╨╣ ╨╖╨╜╨░╤З╨╡╨╜╨╕╨╡ NULL. [C:\Users\zxc23\OneDrive\Desktop\final\FinalBot.csproj]
C:\Users\zxc23\OneDrive\Desktop\final\defense\SafetyManager.cs(229,30): warning CS8603: ╨Т╨╛╨╖╨╝╨╛╨╢╨╜╨╛, ╨▓╨╛╨╖╨▓╤А╨░╤В ╤Б╤Б╤Л╨╗╨║╨╕, ╨┤╨╛╨┐╤Г╤Б╨║╨░╤О╤Й╨╡╨╣ ╨╖╨╜╨░╤З╨╡╨╜╨╕╨╡ NULL. [C:\Users\zxc23\OneDrive\Desktop\final\FinalBot.csproj]
C:\Users\zxc23\OneDrive\Desktop\final\defense\ElevationService.cs(237,29): warning CS8600: ╨Я╤А╨╡╨╛╨▒╤А╨░╨╖╨╛╨▓╨░╨╜╨╕╨╡ ╨╗╨╕╤В╨╡╤А╨░╨╗╨░, ╨┤╨╛╨┐╤Г╤Б╨║╨░╤О╤Й╨╡╨│╨╛ ╨╖╨╜╨░╤З╨╡╨╜╨╕╨╡ NULL ╨╕╨╗╨╕ ╨▓╨╛╨╖╨╝╨╛╨╢╨╜╨╛╨│╨╛ ╨╖╨╜╨░╤З╨╡╨╜╨╕╤П NULL ╨▓ ╤В╨╕╨┐, ╨╜╨╡ ╨┤╨╛╨┐╤Г╤Б╨║╨░╤О╤Й╨╕╨╣ ╨╖╨╜╨░╤З╨╡╨╜╨╕╨╡ NULL. [C:\Users\zxc23\OneDrive\Desktop\final\FinalBot.csproj]
C:\Users\zxc23\OneDrive\Desktop\final\defense\ElevationService.cs(238,17): warning CS8602: ╨а╨░╨╖╤Л╨╝╨╡╨╜╨╛╨▓╨░╨╜╨╕╨╡ ╨▓╨╡╤А╨╛╤П╤В╨╜╨╛╨╣ ╨┐╤Г╤Б╤В╨╛╨╣ ╤Б╤Б╤Л╨╗╨║╨╕. [C:\Users\zxc23\OneDrive\Desktop\final\FinalBot.csproj]
C:\Users\zxc23\OneDrive\Desktop\final\defense\persist.cs(267,40): warning CS8600: ╨Я╤А╨╡╨╛╨▒╤А╨░╨╖╨╛╨▓╨░╨╜╨╕╨╡ ╨╗╨╕╤В╨╡╤А╨░╨╗╨░, ╨┤╨╛╨┐╤Г╤Б╨║╨░╤О╤Й╨╡╨│╨╛ ╨╖╨╜╨░╤З╨╡╨╜╨╕╨╡ NULL ╨╕╨╗╨╕ ╨▓╨╛╨╖╨╝╨╛╨╢╨╜╨╛╨│╨╛ ╨╖╨╜╨░╤З╨╡╨╜╨╕╤П NULL ╨▓ ╤В╨╕╨┐, ╨╜╨╡ ╨┤╨╛╨┐╤Г╤Б╨║╨░╤О╤Й╨╕╨╣ ╨╖╨╜╨░╤З╨╡╨╜╨╕╨╡ NULL. [C:\Users\zxc23\OneDrive\Desktop\final\FinalBot.csproj]
C:\Users\zxc23\OneDrive\Desktop\final\Modules\FileManager.cs(132,20): warning CS8603: ╨Т╨╛╨╖╨╝╨╛╨╢╨╜╨╛, ╨▓╨╛╨╖╨▓╤А╨░╤В ╤Б╤Б╤Л╨╗╨║╨╕, ╨┤╨╛╨┐╤Г╤Б╨║╨░╤О╤Й╨╡╨╣ ╨╖╨╜╨░╤З╨╡╨╜╨╕╨╡ NULL. [C:\Users\zxc23\OneDrive\Desktop\final\FinalBot.csproj]
C:\Users\zxc23\OneDrive\Desktop\final\Modules\KeyloggerModule.cs(42,79): warning CS8602: ╨а╨░╨╖╤Л╨╝╨╡╨╜╨╛╨▓╨░╨╜╨╕╨╡ ╨▓╨╡╤А╨╛╤П╤В╨╜╨╛╨╣ ╨┐╤Г╤Б╤В╨╛╨╣ ╤Б╤Б╤Л╨╗╨║╨╕. [C:\Users\zxc23\OneDrive\Desktop\final\FinalBot.csproj]
C:\Users\zxc23\OneDrive\Desktop\final\ReportManager.cs(27,39): error CS1501: ╨Э╨╕ ╨╛╨┤╨╜╨░ ╨╕╨╖ ╨┐╨╡╤А╨╡╨│╤А╤Г╨╖╨╛╨║ ╨╝╨╡╤В╨╛╨┤╨░ "Run" ╨╜╨╡ ╨┐╤А╨╕╨╜╨╕╨╝╨░╨╡╤В 1 ╨░╤А╨│╤Г╨╝╨╡╨╜╤В╨╛╨▓. [C:\Users\zxc23\OneDrive\Desktop\final\FinalBot.csproj]
C:\Users\zxc23\OneDrive\Desktop\final\defense\ElevationService.cs(274,29): warning CS8600: ╨Я╤А╨╡╨╛╨▒╤А╨░╨╖╨╛╨▓╨░╨╜╨╕╨╡ ╨╗╨╕╤В╨╡╤А╨░╨╗╨░, ╨┤╨╛╨┐╤Г╤Б╨║╨░╤О╤Й╨╡╨│╨╛ ╨╖╨╜╨░╤З╨╡╨╜╨╕╨╡ NULL ╨╕╨╗╨╕ ╨▓╨╛╨╖╨╝╨╛╨╢╨╜╨╛╨│╨╛ ╨╖╨╜╨░╤З╨╡╨╜╨╕╤П NULL ╨▓ ╤В╨╕╨┐, ╨╜╨╡ ╨┤╨╛╨┐╤Г╤Б╨║╨░╤О╤Й╨╕╨╣ ╨╖╨╜╨░╤З╨╡╨╜╨╕╨╡ NULL. [C:\Users\zxc23\OneDrive\Desktop\final\FinalBot.csproj]
C:\Users\zxc23\OneDrive\Desktop\final\defense\launcher.cs(311,45): warning CS8604: ╨Т╨╛╨╖╨╝╨╛╨╢╨╜╨╛, ╨░╤А╨│╤Г╨╝╨╡╨╜╤В-╤Б╤Б╤Л╨╗╨║╨░, ╨┤╨╛╨┐╤Г╤Б╨║╨░╤О╤Й╨╕╨╣ ╨╖╨╜╨░╤З╨╡╨╜╨╕╨╡ NULL, ╨┤╨╗╤П ╨┐╨░╤А╨░╨╝╨╡╤В╤А╨░ "driveName" ╨▓ "DriveInfo.DriveInfo(string driveName)". [C:\Users\zxc23\OneDrive\Desktop\final\FinalBot.csproj]
C:\Users\zxc23\OneDrive\Desktop\final\Modules\PhishManager.cs(35,40): warning CS8600: ╨Я╤А╨╡╨╛╨▒╤А╨░╨╖╨╛╨▓╨░╨╜╨╕╨╡ ╨╗╨╕╤В╨╡╤А╨░╨╗╨░, ╨┤╨╛╨┐╤Г╤Б╨║╨░╤О╤Й╨╡╨│╨╛ ╨╖╨╜╨░╤З╨╡╨╜╨╕╨╡ NULL ╨╕╨╗╨╕ ╨▓╨╛╨╖╨╝╨╛╨╢╨╜╨╛╨│╨╛ ╨╖╨╜╨░╤З╨╡╨╜╨╕╤П NULL ╨▓ ╤В╨╕╨┐, ╨╜╨╡ ╨┤╨╛╨┐╤Г╤Б╨║╨░╤О╤Й╨╕╨╣ ╨╖╨╜╨░╤З╨╡╨╜╨╕╨╡ NULL. [C:\Users\zxc23\OneDrive\Desktop\final\FinalBot.csproj]
C:\Users\zxc23\OneDrive\Desktop\final\Modules\PhishManager.cs(37,48): warning CS8603: ╨Т╨╛╨╖╨╝╨╛╨╢╨╜╨╛, ╨▓╨╛╨╖╨▓╤А╨░╤В ╤Б╤Б╤Л╨╗╨║╨╕, ╨┤╨╛╨┐╤Г╤Б╨║╨░╤О╤Й╨╡╨╣ ╨╖╨╜╨░╤З╨╡╨╜╨╕╨╡ NULL. [C:\Users\zxc23\OneDrive\Desktop\final\FinalBot.csproj]
C:\Users\zxc23\OneDrive\Desktop\final\Modules\PhishManager.cs(62,24): warning CS8603: ╨Т╨╛╨╖╨╝╨╛╨╢╨╜╨╛, ╨▓╨╛╨╖╨▓╤А╨░╤В ╤Б╤Б╤Л╨╗╨║╨╕, ╨┤╨╛╨┐╤Г╤Б╨║╨░╤О╤Й╨╡╨╣ ╨╖╨╜╨░╤З╨╡╨╜╨╕╨╡ NULL. [C:\Users\zxc23\OneDrive\Desktop\final\FinalBot.csproj]
C:\Users\zxc23\OneDrive\Desktop\final\defense\SafetyManager.cs(258,66): warning CS8625: ╨Ы╨╕╤В╨╡╤А╨░╨╗, ╤А╨░╨▓╨╜╤Л╨╣ NULL, ╨╜╨╡ ╨╝╨╛╨╢╨╡╤В ╨▒╤Л╤В╤М ╨┐╤А╨╡╨╛╨▒╤А╨░╨╖╨╛╨▓╨░╨╜ ╨▓ ╤Б╤Б╤Л╨╗╨╛╤З╨╜╤Л╨╣ ╤В╨╕╨┐, ╨╜╨╡ ╨┤╨╛╨┐╤Г╤Б╨║╨░╤О╤Й╨╕╨╣ ╨╖╨╜╨░╤З╨╡╨╜╨╕╨╡ NULL. [C:\Users\zxc23\OneDrive\Desktop\final\FinalBot.csproj]
C:\Users\zxc23\OneDrive\Desktop\final\defense\SafetyManager.cs(258,88): warning CS8603: ╨Т╨╛╨╖╨╝╨╛╨╢╨╜╨╛, ╨▓╨╛╨╖╨▓╤А╨░╤В ╤Б╤Б╤Л╨╗╨║╨╕, ╨┤╨╛╨┐╤Г╤Б╨║╨░╤О╤Й╨╡╨╣ ╨╖╨╜╨░╤З╨╡╨╜╨╕╨╡ NULL. [C:\Users\zxc23\OneDrive\Desktop\final\FinalBot.csproj]
C:\Users\zxc23\OneDrive\Desktop\final\defense\SafetyManager.cs(259,129): warning CS8603: ╨Т╨╛╨╖╨╝╨╛╨╢╨╜╨╛, ╨▓╨╛╨╖╨▓╤А╨░╤В ╤Б╤Б╤Л╨╗╨║╨╕, ╨┤╨╛╨┐╤Г╤Б╨║╨░╤О╤Й╨╡╨╣ ╨╖╨╜╨░╤З╨╡╨╜╨╕╨╡ NULL. [C:\Users\zxc23\OneDrive\Desktop\final\FinalBot.csproj]
C:\Users\zxc23\OneDrive\Desktop\final\defense\SafetyManager.cs(260,113): warning CS8603: ╨Т╨╛╨╖╨╝╨╛╨╢╨╜╨╛, ╨▓╨╛╨╖╨▓╤А╨░╤В ╤Б╤Б╤Л╨╗╨║╨╕, ╨┤╨╛╨┐╤Г╤Б╨║╨░╤О╤Й╨╡╨╣ ╨╖╨╜╨░╤З╨╡╨╜╨╕╨╡ NULL. [C:\Users\zxc23\OneDrive\Desktop\final\FinalBot.csproj]
C:\Users\zxc23\OneDrive\Desktop\final\defense\SafetyManager.cs(267,96): warning CS8625: ╨Ы╨╕╤В╨╡╤А╨░╨╗, ╤А╨░╨▓╨╜╤Л╨╣ NULL, ╨╜╨╡ ╨╝╨╛╨╢╨╡╤В ╨▒╤Л╤В╤М ╨┐╤А╨╡╨╛╨▒╤А╨░╨╖╨╛╨▓╨░╨╜ ╨▓ ╤Б╤Б╤Л╨╗╨╛╤З╨╜╤Л╨╣ ╤В╨╕╨┐, ╨╜╨╡ ╨┤╨╛╨┐╤Г╤Б╨║╨░╤О╤Й╨╕╨╣ ╨╖╨╜╨░╤З╨╡╨╜╨╕╨╡ NULL. [C:\Users\zxc23\OneDrive\Desktop\final\FinalBot.csproj]
C:\Users\zxc23\OneDrive\Desktop\final\defense\SafetyManager.cs(269,24): warning CS8603: ╨Т╨╛╨╖╨╝╨╛╨╢╨╜╨╛, ╨▓╨╛╨╖╨▓╤А╨░╤В ╤Б╤Б╤Л╨╗╨║╨╕, ╨┤╨╛╨┐╤Г╤Б╨║╨░╤О╤Й╨╡╨╣ ╨╖╨╜╨░╤З╨╡╨╜╨╕╨╡ NULL. [C:\Users\zxc23\OneDrive\Desktop\final\FinalBot.csproj]
C:\Users\zxc23\OneDrive\Desktop\final\defense\SafetyManager.cs(105,53): warning CS8603: ╨Т╨╛╨╖╨╝╨╛╨╢╨╜╨╛, ╨▓╨╛╨╖╨▓╤А╨░╤В ╤Б╤Б╤Л╨╗╨║╨╕, ╨┤╨╛╨┐╤Г╤Б╨║╨░╤О╤Й╨╡╨╣ ╨╖╨╜╨░╤З╨╡╨╜╨╕╨╡ NULL. [C:\Users\zxc23\OneDrive\Desktop\final\FinalBot.csproj]
C:\Users\zxc23\OneDrive\Desktop\final\Stealers\WalletStealer.cs(49,51): warning CS8604: ╨Т╨╛╨╖╨╝╨╛╨╢╨╜╨╛, ╨░╤А╨│╤Г╨╝╨╡╨╜╤В-╤Б╤Б╤Л╨╗╨║╨░, ╨┤╨╛╨┐╤Г╤Б╨║╨░╤О╤Й╨╕╨╣ ╨╖╨╜╨░╤З╨╡╨╜╨╕╨╡ NULL, ╨┤╨╗╤П ╨┐╨░╤А╨░╨╝╨╡╤В╤А╨░ "path" ╨▓ "DirectoryInfo Directory.CreateDirectory(string path)". [C:\Users\zxc23\OneDrive\Desktop\final\FinalBot.csproj]
C:\Users\zxc23\OneDrive\Desktop\final\defense\launcher.cs(333,37): warning SYSLIB0014: "WebClient.WebClient()" ╤П╨▓╨╗╤П╨╡╤В╤Б╤П ╤Г╤Б╤В╨░╤А╨╡╨▓╤И╨╕╨╝: 'WebRequest, HttpWebRequest, ServicePoint, and WebClient are obsolete. Use HttpClient instead.' (https://aka.ms/dotnet-warnings/SYSLIB0014) [C:\Users\zxc23\OneDrive\Desktop\final\FinalBot.csproj]
C:\Users\zxc23\OneDrive\Desktop\final\defense\ElevationService.cs(312,42): warning CS8600: ╨Я╤А╨╡╨╛╨▒╤А╨░╨╖╨╛╨▓╨░╨╜╨╕╨╡ ╨╗╨╕╤В╨╡╤А╨░╨╗╨░, ╨┤╨╛╨┐╤Г╤Б╨║╨░╤О╤Й╨╡╨│╨╛ ╨╖╨╜╨░╤З╨╡╨╜╨╕╨╡ NULL ╨╕╨╗╨╕ ╨▓╨╛╨╖╨╝╨╛╨╢╨╜╨╛╨│╨╛ ╨╖╨╜╨░╤З╨╡╨╜╨╕╤П NULL ╨▓ ╤В╨╕╨┐, ╨╜╨╡ ╨┤╨╛╨┐╤Г╤Б╨║╨░╤О╤Й╨╕╨╣ ╨╖╨╜╨░╤З╨╡╨╜╨╕╨╡ NULL. [C:\Users\zxc23\OneDrive\Desktop\final\FinalBot.csproj]
C:\Users\zxc23\OneDrive\Desktop\final\defense\ElevationService.cs(330,29): warning CS8600: ╨Я╤А╨╡╨╛╨▒╤А╨░╨╖╨╛╨▓╨░╨╜╨╕╨╡ ╨╗╨╕╤В╨╡╤А╨░╨╗╨░, ╨┤╨╛╨┐╤Г╤Б╨║╨░╤О╤Й╨╡╨│╨╛ ╨╖╨╜╨░╤З╨╡╨╜╨╕╨╡ NULL ╨╕╨╗╨╕ ╨▓╨╛╨╖╨╝╨╛╨╢╨╜╨╛╨│╨╛ ╨╖╨╜╨░╤З╨╡╨╜╨╕╤П NULL ╨▓ ╤В╨╕╨┐, ╨╜╨╡ ╨┤╨╛╨┐╤Г╤Б╨║╨░╤О╤Й╨╕╨╣ ╨╖╨╜╨░╤З╨╡╨╜╨╕╨╡ NULL. [C:\Users\zxc23\OneDrive\Desktop\final\FinalBot.csproj]
C:\Users\zxc23\OneDrive\Desktop\final\defense\ElevationService.cs(331,17): warning CS8602: ╨а╨░╨╖╤Л╨╝╨╡╨╜╨╛╨▓╨░╨╜╨╕╨╡ ╨▓╨╡╤А╨╛╤П╤В╨╜╨╛╨╣ ╨┐╤Г╤Б╤В╨╛╨╣ ╤Б╤Б╤Л╨╗╨║╨╕. [C:\Users\zxc23\OneDrive\Desktop\final\FinalBot.csproj]
C:\Users\zxc23\OneDrive\Desktop\final\defense\ElevationService.cs(335,42): warning CS8600: ╨Я╤А╨╡╨╛╨▒╤А╨░╨╖╨╛╨▓╨░╨╜╨╕╨╡ ╨╗╨╕╤В╨╡╤А╨░╨╗╨░, ╨┤╨╛╨┐╤Г╤Б╨║╨░╤О╤Й╨╡╨│╨╛ ╨╖╨╜╨░╤З╨╡╨╜╨╕╨╡ NULL ╨╕╨╗╨╕ ╨▓╨╛╨╖╨╝╨╛╨╢╨╜╨╛╨│╨╛ ╨╖╨╜╨░╤З╨╡╨╜╨╕╤П NULL ╨▓ ╤В╨╕╨┐, ╨╜╨╡ ╨┤╨╛╨┐╤Г╤Б╨║╨░╤О╤Й╨╕╨╣ ╨╖╨╜╨░╤З╨╡╨╜╨╕╨╡ NULL. [C:\Users\zxc23\OneDrive\Desktop\final\FinalBot.csproj]
C:\Users\zxc23\OneDrive\Desktop\final\defense\ElevationService.cs(377,29): warning CS8600: ╨Я╤А╨╡╨╛╨▒╤А╨░╨╖╨╛╨▓╨░╨╜╨╕╨╡ ╨╗╨╕╤В╨╡╤А╨░╨╗╨░, ╨┤╨╛╨┐╤Г╤Б╨║╨░╤О╤Й╨╡╨│╨╛ ╨╖╨╜╨░╤З╨╡╨╜╨╕╨╡ NULL ╨╕╨╗╨╕ ╨▓╨╛╨╖╨╝╨╛╨╢╨╜╨╛╨│╨╛ ╨╖╨╜╨░╤З╨╡╨╜╨╕╤П NULL ╨▓ ╤В╨╕╨┐, ╨╜╨╡ ╨┤╨╛╨┐╤Г╤Б╨║╨░╤О╤Й╨╕╨╣ ╨╖╨╜╨░╤З╨╡╨╜╨╕╨╡ NULL. [C:\Users\zxc23\OneDrive\Desktop\final\FinalBot.csproj]
C:\Users\zxc23\OneDrive\Desktop\final\defense\launcher.cs(364,28): warning CS8603: ╨Т╨╛╨╖╨╝╨╛╨╢╨╜╨╛, ╨▓╨╛╨╖╨▓╤А╨░╤В ╤Б╤Б╤Л╨╗╨║╨╕, ╨┤╨╛╨┐╤Г╤Б╨║╨░╤О╤Й╨╡╨╣ ╨╖╨╜╨░╤З╨╡╨╜╨╕╨╡ NULL. [C:\Users\zxc23\OneDrive\Desktop\final\FinalBot.csproj]
C:\Users\zxc23\OneDrive\Desktop\final\defense\launcher.cs(379,24): warning CS8603: ╨Т╨╛╨╖╨╝╨╛╨╢╨╜╨╛, ╨▓╨╛╨╖╨▓╤А╨░╤В ╤Б╤Б╤Л╨╗╨║╨╕, ╨┤╨╛╨┐╤Г╤Б╨║╨░╤О╤Й╨╡╨╣ ╨╖╨╜╨░╤З╨╡╨╜╨╕╨╡ NULL. [C:\Users\zxc23\OneDrive\Desktop\final\FinalBot.csproj]
C:\Users\zxc23\OneDrive\Desktop\final\defense\launcher.cs(393,31): warning CS8600: ╨Я╤А╨╡╨╛╨▒╤А╨░╨╖╨╛╨▓╨░╨╜╨╕╨╡ ╨╗╨╕╤В╨╡╤А╨░╨╗╨░, ╨┤╨╛╨┐╤Г╤Б╨║╨░╤О╤Й╨╡╨│╨╛ ╨╖╨╜╨░╤З╨╡╨╜╨╕╨╡ NULL ╨╕╨╗╨╕ ╨▓╨╛╨╖╨╝╨╛╨╢╨╜╨╛╨│╨╛ ╨╖╨╜╨░╤З╨╡╨╜╨╕╤П NULL ╨▓ ╤В╨╕╨┐, ╨╜╨╡ ╨┤╨╛╨┐╤Г╤Б╨║╨░╤О╤Й╨╕╨╣ ╨╖╨╜╨░╤З╨╡╨╜╨╕╨╡ NULL. [C:\Users\zxc23\OneDrive\Desktop\final\FinalBot.csproj]
C:\Users\zxc23\OneDrive\Desktop\final\defense\persist.cs(434,38): warning CS8600: ╨Я╤А╨╡╨╛╨▒╤А╨░╨╖╨╛╨▓╨░╨╜╨╕╨╡ ╨╗╨╕╤В╨╡╤А╨░╨╗╨░, ╨┤╨╛╨┐╤Г╤Б╨║╨░╤О╤Й╨╡╨│╨╛ ╨╖╨╜╨░╤З╨╡╨╜╨╕╨╡ NULL ╨╕╨╗╨╕ ╨▓╨╛╨╖╨╝╨╛╨╢╨╜╨╛╨│╨╛ ╨╖╨╜╨░╤З╨╡╨╜╨╕╤П NULL ╨▓ ╤В╨╕╨┐, ╨╜╨╡ ╨┤╨╛╨┐╤Г╤Б╨║╨░╤О╤Й╨╕╨╣ ╨╖╨╜╨░╤З╨╡╨╜╨╕╨╡ NULL. [C:\Users\zxc23\OneDrive\Desktop\final\FinalBot.csproj]
C:\Users\zxc23\OneDrive\Desktop\final\defense\SafetyManager.cs(128,28): warning SYSLIB0021: "AesManaged" ╤П╨▓╨╗╤П╨╡╤В╤Б╤П ╤Г╤Б╤В╨░╤А╨╡╨▓╤И╨╕╨╝: 'Derived cryptographic types are obsolete. Use the Create method on the base type instead.' (https://aka.ms/dotnet-warnings/SYSLIB0021) [C:\Users\zxc23\OneDrive\Desktop\final\FinalBot.csproj]
C:\Users\zxc23\OneDrive\Desktop\final\defense\SafetyManager.cs(128,49): warning SYSLIB0021: "AesManaged" ╤П╨▓╨╗╤П╨╡╤В╤Б╤П ╤Г╤Б╤В╨░╤А╨╡╨▓╤И╨╕╨╝: 'Derived cryptographic types are obsolete. Use the Create method on the base type instead.' (https://aka.ms/dotnet-warnings/SYSLIB0021) [C:\Users\zxc23\OneDrive\Desktop\final\FinalBot.csproj]
C:\Users\zxc23\OneDrive\Desktop\final\Modules\ScreenshotModule.cs(57,24): warning CS8603: ╨Т╨╛╨╖╨╝╨╛╨╢╨╜╨╛, ╨▓╨╛╨╖╨▓╤А╨░╤В ╤Б╤Б╤Л╨╗╨║╨╕, ╨┤╨╛╨┐╤Г╤Б╨║╨░╤О╤Й╨╡╨╣ ╨╖╨╜╨░╤З╨╡╨╜╨╕╨╡ NULL. [C:\Users\zxc23\OneDrive\Desktop\final\FinalBot.csproj]
C:\Users\zxc23\OneDrive\Desktop\final\Stealers\BrowserStealer.cs(98,49): warning CS8603: ╨Т╨╛╨╖╨╝╨╛╨╢╨╜╨╛, ╨▓╨╛╨╖╨▓╤А╨░╤В ╤Б╤Б╤Л╨╗╨║╨╕, ╨┤╨╛╨┐╤Г╤Б╨║╨░╤О╤Й╨╡╨╣ ╨╖╨╜╨░╤З╨╡╨╜╨╕╨╡ NULL. [C:\Users\zxc23\OneDrive\Desktop\final\FinalBot.csproj]
C:\Users\zxc23\OneDrive\Desktop\final\Stealers\BrowserStealer.cs(104,39): warning CS8600: ╨Я╤А╨╡╨╛╨▒╤А╨░╨╖╨╛╨▓╨░╨╜╨╕╨╡ ╨╗╨╕╤В╨╡╤А╨░╨╗╨░, ╨┤╨╛╨┐╤Г╤Б╨║╨░╤О╤Й╨╡╨│╨╛ ╨╖╨╜╨░╤З╨╡╨╜╨╕╨╡ NULL ╨╕╨╗╨╕ ╨▓╨╛╨╖╨╝╨╛╨╢╨╜╨╛╨│╨╛ ╨╖╨╜╨░╤З╨╡╨╜╨╕╤П NULL ╨▓ ╤В╨╕╨┐, ╨╜╨╡ ╨┤╨╛╨┐╤Г╤Б╨║╨░╤О╤Й╨╕╨╣ ╨╖╨╜╨░╤З╨╡╨╜╨╕╨╡ NULL. [C:\Users\zxc23\OneDrive\Desktop\final\FinalBot.csproj]
C:\Users\zxc23\OneDrive\Desktop\final\Stealers\BrowserStealer.cs(105,64): warning CS8603: ╨Т╨╛╨╖╨╝╨╛╨╢╨╜╨╛, ╨▓╨╛╨╖╨▓╤А╨░╤В ╤Б╤Б╤Л╨╗╨║╨╕, ╨┤╨╛╨┐╤Г╤Б╨║╨░╤О╤Й╨╡╨╣ ╨╖╨╜╨░╤З╨╡╨╜╨╕╨╡ NULL. [C:\Users\zxc23\OneDrive\Desktop\final\FinalBot.csproj]
C:\Users\zxc23\OneDrive\Desktop\final\Stealers\BrowserStealer.cs(125,24): warning CS8603: ╨Т╨╛╨╖╨╝╨╛╨╢╨╜╨╛, ╨▓╨╛╨╖╨▓╤А╨░╤В ╤Б╤Б╤Л╨╗╨║╨╕, ╨┤╨╛╨┐╤Г╤Б╨║╨░╤О╤Й╨╡╨╣ ╨╖╨╜╨░╤З╨╡╨╜╨╕╨╡ NULL. [C:\Users\zxc23\OneDrive\Desktop\final\FinalBot.csproj]
C:\Users\zxc23\OneDrive\Desktop\final\Stealers\BrowserStealer.cs(142,43): warning CS8600: ╨Я╤А╨╡╨╛╨▒╤А╨░╨╖╨╛╨▓╨░╨╜╨╕╨╡ ╨╗╨╕╤В╨╡╤А╨░╨╗╨░, ╨┤╨╛╨┐╤Г╤Б╨║╨░╤О╤Й╨╡╨│╨╛ ╨╖╨╜╨░╤З╨╡╨╜╨╕╨╡ NULL ╨╕╨╗╨╕ ╨▓╨╛╨╖╨╝╨╛╨╢╨╜╨╛╨│╨╛ ╨╖╨╜╨░╤З╨╡╨╜╨╕╤П NULL ╨▓ ╤В╨╕╨┐, ╨╜╨╡ ╨┤╨╛╨┐╤Г╤Б╨║╨░╤О╤Й╨╕╨╣ ╨╖╨╜╨░╤З╨╡╨╜╨╕╨╡ NULL. [C:\Users\zxc23\OneDrive\Desktop\final\FinalBot.csproj]
C:\Users\zxc23\OneDrive\Desktop\final\Stealers\BrowserStealer.cs(146,32): warning CS8603: ╨Т╨╛╨╖╨╝╨╛╨╢╨╜╨╛, ╨▓╨╛╨╖╨▓╤А╨░╤В ╤Б╤Б╤Л╨╗╨║╨╕, ╨┤╨╛╨┐╤Г╤Б╨║╨░╤О╤Й╨╡╨╣ ╨╖╨╜╨░╤З╨╡╨╜╨╕╨╡ NULL. [C:\Users\zxc23\OneDrive\Desktop\final\FinalBot.csproj]
C:\Users\zxc23\OneDrive\Desktop\final\Stealers\BrowserStealer.cs(184,20): warning CS8603: ╨Т╨╛╨╖╨╝╨╛╨╢╨╜╨╛, ╨▓╨╛╨╖╨▓╤А╨░╤В ╤Б╤Б╤Л╨╗╨║╨╕, ╨┤╨╛╨┐╤Г╤Б╨║╨░╤О╤Й╨╡╨╣ ╨╖╨╜╨░╤З╨╡╨╜╨╕╨╡ NULL. [C:\Users\zxc23\OneDrive\Desktop\final\FinalBot.csproj]
C:\Users\zxc23\OneDrive\Desktop\final\defense\SafetyManager.cs(363,46): warning CS8600: ╨Я╤А╨╡╨╛╨▒╤А╨░╨╖╨╛╨▓╨░╨╜╨╕╨╡ ╨╗╨╕╤В╨╡╤А╨░╨╗╨░, ╨┤╨╛╨┐╤Г╤Б╨║╨░╤О╤Й╨╡╨│╨╛ ╨╖╨╜╨░╤З╨╡╨╜╨╕╨╡ NULL ╨╕╨╗╨╕ ╨▓╨╛╨╖╨╝╨╛╨╢╨╜╨╛╨│╨╛ ╨╖╨╜╨░╤З╨╡╨╜╨╕╤П NULL ╨▓ ╤В╨╕╨┐, ╨╜╨╡ ╨┤╨╛╨┐╤Г╤Б╨║╨░╤О╤Й╨╕╨╣ ╨╖╨╜╨░╤З╨╡╨╜╨╕╨╡ NULL. [C:\Users\zxc23\OneDrive\Desktop\final\FinalBot.csproj]
C:\Users\zxc23\OneDrive\Desktop\final\defense\SafetyManager.cs(72,35): warning CS8618: ╨┐╨╛╨╗╨╡ "_masterKey", ╨╜╨╡ ╨┤╨╛╨┐╤Г╤Б╨║╨░╤О╤Й╨╕╨╣ ╨╖╨╜╨░╤З╨╡╨╜╨╕╤П NULL, ╨┤╨╛╨╗╨╢╨╡╨╜ ╤Б╨╛╨┤╨╡╤А╨╢╨░╤В╤М ╨╖╨╜╨░╤З╨╡╨╜╨╕╨╡, ╨╛╤В╨╗╨╕╤З╨╜╨╛╨╡ ╨╛╤В NULL, ╨┐╤А╨╕ ╨▓╤Л╤Е╨╛╨┤╨╡ ╨╕╨╖ ╨║╨╛╨╜╤Б╤В╤А╤Г╨║╤В╨╛╤А╨░. ╨а╨░╤Б╤Б╨╝╨╛╤В╤А╨╕╤В╨╡ ╨▓╨╛╨╖╨╝╨╛╨╢╨╜╨╛╤Б╤В╤М ╨┤╨╛╨▒╨░╨▓╨╗╨╡╨╜╨╕╤П ╨╝╨╛╨┤╨╕╤Д╨╕╨║╨░╤В╨╛╤А╨░ "required" ╨╕╨╗╨╕ ╨╛╨▒╤К╤П╨▓╨╗╨╡╨╜╨╕╤П ╨╖╨╜╨░╤З╨╡╨╜╨╕╤П ╨┐╨╛╨╗╨╡, ╨┤╨╛╨┐╤Г╤Б╨║╨░╤О╤Й╨╡╨│╨╛ ╨╖╨╜╨░╤З╨╡╨╜╨╕╨╡ NULL. [C:\Users\zxc23\OneDrive\Desktop\final\FinalBot.csproj]
C:\Users\zxc23\OneDrive\Desktop\final\defense\SafetyManager.cs(73,35): warning CS8618: ╨┐╨╛╨╗╨╡ "_machineSalt", ╨╜╨╡ ╨┤╨╛╨┐╤Г╤Б╨║╨░╤О╤Й╨╕╨╣ ╨╖╨╜╨░╤З╨╡╨╜╨╕╤П NULL, ╨┤╨╛╨╗╨╢╨╡╨╜ ╤Б╨╛╨┤╨╡╤А╨╢╨░╤В╤М ╨╖╨╜╨░╤З╨╡╨╜╨╕╨╡, ╨╛╤В╨╗╨╕╤З╨╜╨╛╨╡ ╨╛╤В NULL, ╨┐╤А╨╕ ╨▓╤Л╤Е╨╛╨┤╨╡ ╨╕╨╖ ╨║╨╛╨╜╤Б╤В╤А╤Г╨║╤В╨╛╤А╨░. ╨а╨░╤Б╤Б╨╝╨╛╤В╤А╨╕╤В╨╡ ╨▓╨╛╨╖╨╝╨╛╨╢╨╜╨╛╤Б╤В╤М ╨┤╨╛╨▒╨░╨▓╨╗╨╡╨╜╨╕╤П ╨╝╨╛╨┤╨╕╤Д╨╕╨║╨░╤В╨╛╤А╨░ "required" ╨╕╨╗╨╕ ╨╛╨▒╤К╤П╨▓╨╗╨╡╨╜╨╕╤П ╨╖╨╜╨░╤З╨╡╨╜╨╕╤П ╨┐╨╛╨╗╨╡, ╨┤╨╛╨┐╤Г╤Б╨║╨░╤О╤Й╨╡╨│╨╛ ╨╖╨╜╨░╤З╨╡╨╜╨╕╨╡ NULL. [C:\Users\zxc23\OneDrive\Desktop\final\FinalBot.csproj]
C:\Users\zxc23\OneDrive\Desktop\final\defense\ElevationService.cs(483,72): warning CS8625: ╨Ы╨╕╤В╨╡╤А╨░╨╗, ╤А╨░╨▓╨╜╤Л╨╣ NULL, ╨╜╨╡ ╨╝╨╛╨╢╨╡╤В ╨▒╤Л╤В╤М ╨┐╤А╨╡╨╛╨▒╤А╨░╨╖╨╛╨▓╨░╨╜ ╨▓ ╤Б╤Б╤Л╨╗╨╛╤З╨╜╤Л╨╣ ╤В╨╕╨┐, ╨╜╨╡ ╨┤╨╛╨┐╤Г╤Б╨║╨░╤О╤Й╨╕╨╣ ╨╖╨╜╨░╤З╨╡╨╜╨╕╨╡ NULL. [C:\Users\zxc23\OneDrive\Desktop\final\FinalBot.csproj]
C:\Users\zxc23\OneDrive\Desktop\final\defense\ElevationService.cs(483,156): warning CS8625: ╨Ы╨╕╤В╨╡╤А╨░╨╗, ╤А╨░╨▓╨╜╤Л╨╣ NULL, ╨╜╨╡ ╨╝╨╛╨╢╨╡╤В ╨▒╤Л╤В╤М ╨┐╤А╨╡╨╛╨▒╤А╨░╨╖╨╛╨▓╨░╨╜ ╨▓ ╤Б╤Б╤Л╨╗╨╛╤З╨╜╤Л╨╣ ╤В╨╕╨┐, ╨╜╨╡ ╨┤╨╛╨┐╤Г╤Б╨║╨░╤О╤Й╨╕╨╣ ╨╖╨╜╨░╤З╨╡╨╜╨╕╨╡ NULL. [C:\Users\zxc23\OneDrive\Desktop\final\FinalBot.csproj]
C:\Users\zxc23\OneDrive\Desktop\final\defense\SafetyManager.cs(673,28): warning CS8603: ╨Т╨╛╨╖╨╝╨╛╨╢╨╜╨╛, ╨▓╨╛╨╖╨▓╤А╨░╤В ╤Б╤Б╤Л╨╗╨║╨╕, ╨┤╨╛╨┐╤Г╤Б╨║╨░╤О╤Й╨╡╨╣ ╨╖╨╜╨░╤З╨╡╨╜╨╕╨╡ NULL. [C:\Users\zxc23\OneDrive\Desktop\final\FinalBot.csproj]
C:\Users\zxc23\OneDrive\Desktop\final\defense\SafetyManager.cs(680,48): warning CS8625: ╨Ы╨╕╤В╨╡╤А╨░╨╗, ╤А╨░╨▓╨╜╤Л╨╣ NULL, ╨╜╨╡ ╨╝╨╛╨╢╨╡╤В ╨▒╤Л╤В╤М ╨┐╤А╨╡╨╛╨▒╤А╨░╨╖╨╛╨▓╨░╨╜ ╨▓ ╤Б╤Б╤Л╨╗╨╛╤З╨╜╤Л╨╣ ╤В╨╕╨┐, ╨╜╨╡ ╨┤╨╛╨┐╤Г╤Б╨║╨░╤О╤Й╨╕╨╣ ╨╖╨╜╨░╤З╨╡╨╜╨╕╨╡ NULL. [C:\Users\zxc23\OneDrive\Desktop\final\FinalBot.csproj]
C:\Users\zxc23\OneDrive\Desktop\final\Modules\SystemInfoModule.cs(58,49): warning CS8603: ╨Т╨╛╨╖╨╝╨╛╨╢╨╜╨╛, ╨▓╨╛╨╖╨▓╤А╨░╤В ╤Б╤Б╤Л╨╗╨║╨╕, ╨┤╨╛╨┐╤Г╤Б╨║╨░╤О╤Й╨╡╨╣ ╨╖╨╜╨░╤З╨╡╨╜╨╕╨╡ NULL. [C:\Users\zxc23\OneDrive\Desktop\final\FinalBot.csproj]
C:\Users\zxc23\OneDrive\Desktop\final\defense\persist.cs(498,40): warning CS8600: ╨Я╤А╨╡╨╛╨▒╤А╨░╨╖╨╛╨▓╨░╨╜╨╕╨╡ ╨╗╨╕╤В╨╡╤А╨░╨╗╨░, ╨┤╨╛╨┐╤Г╤Б╨║╨░╤О╤Й╨╡╨│╨╛ ╨╖╨╜╨░╤З╨╡╨╜╨╕╨╡ NULL ╨╕╨╗╨╕ ╨▓╨╛╨╖╨╝╨╛╨╢╨╜╨╛╨│╨╛ ╨╖╨╜╨░╤З╨╡╨╜╨╕╤П NULL ╨▓ ╤В╨╕╨┐, ╨╜╨╡ ╨┤╨╛╨┐╤Г╤Б╨║╨░╤О╤Й╨╕╨╣ ╨╖╨╜╨░╤З╨╡╨╜╨╕╨╡ NULL. [C:\Users\zxc23\OneDrive\Desktop\final\FinalBot.csproj]
C:\Users\zxc23\OneDrive\Desktop\final\defense\persist.cs(503,38): warning CS8600: ╨Я╤А╨╡╨╛╨▒╤А╨░╨╖╨╛╨▓╨░╨╜╨╕╨╡ ╨╗╨╕╤В╨╡╤А╨░╨╗╨░, ╨┤╨╛╨┐╤Г╤Б╨║╨░╤О╤Й╨╡╨│╨╛ ╨╖╨╜╨░╤З╨╡╨╜╨╕╨╡ NULL ╨╕╨╗╨╕ ╨▓╨╛╨╖╨╝╨╛╨╢╨╜╨╛╨│╨╛ ╨╖╨╜╨░╤З╨╡╨╜╨╕╤П NULL ╨▓ ╤В╨╕╨┐, ╨╜╨╡ ╨┤╨╛╨┐╤Г╤Б╨║╨░╤О╤Й╨╕╨╣ ╨╖╨╜╨░╤З╨╡╨╜╨╕╨╡ NULL. [C:\Users\zxc23\OneDrive\Desktop\final\FinalBot.csproj]
C:\Users\zxc23\OneDrive\Desktop\final\defense\persist.cs(504,42): warning CS8600: ╨Я╤А╨╡╨╛╨▒╤А╨░╨╖╨╛╨▓╨░╨╜╨╕╨╡ ╨╗╨╕╤В╨╡╤А╨░╨╗╨░, ╨┤╨╛╨┐╤Г╤Б╨║╨░╤О╤Й╨╡╨│╨╛ ╨╖╨╜╨░╤З╨╡╨╜╨╕╨╡ NULL ╨╕╨╗╨╕ ╨▓╨╛╨╖╨╝╨╛╨╢╨╜╨╛╨│╨╛ ╨╖╨╜╨░╤З╨╡╨╜╨╕╤П NULL ╨▓ ╤В╨╕╨┐, ╨╜╨╡ ╨┤╨╛╨┐╤Г╤Б╨║╨░╤О╤Й╨╕╨╣ ╨╖╨╜╨░╤З╨╡╨╜╨╕╨╡ NULL. [C:\Users\zxc23\OneDrive\Desktop\final\FinalBot.csproj]
C:\Users\zxc23\OneDrive\Desktop\final\Modules\SystemInfoModule.cs(90,49): warning CS8602: ╨а╨░╨╖╤Л╨╝╨╡╨╜╨╛╨▓╨░╨╜╨╕╨╡ ╨▓╨╡╤А╨╛╤П╤В╨╜╨╛╨╣ ╨┐╤Г╤Б╤В╨╛╨╣ ╤Б╤Б╤Л╨╗╨║╨╕. [C:\Users\zxc23\OneDrive\Desktop\final\FinalBot.csproj]
C:\Users\zxc23\OneDrive\Desktop\final\Stealers\BrowserStealer.cs(253,28): warning CS8603: ╨Т╨╛╨╖╨╝╨╛╨╢╨╜╨╛, ╨▓╨╛╨╖╨▓╤А╨░╤В ╤Б╤Б╤Л╨╗╨║╨╕, ╨┤╨╛╨┐╤Г╤Б╨║╨░╤О╤Й╨╡╨╣ ╨╖╨╜╨░╤З╨╡╨╜╨╕╨╡ NULL. [C:\Users\zxc23\OneDrive\Desktop\final\FinalBot.csproj]
C:\Users\zxc23\OneDrive\Desktop\final\defense\persist.cs(567,40): warning CS8600: ╨Я╤А╨╡╨╛╨▒╤А╨░╨╖╨╛╨▓╨░╨╜╨╕╨╡ ╨╗╨╕╤В╨╡╤А╨░╨╗╨░, ╨┤╨╛╨┐╤Г╤Б╨║╨░╤О╤Й╨╡╨│╨╛ ╨╖╨╜╨░╤З╨╡╨╜╨╕╨╡ NULL ╨╕╨╗╨╕ ╨▓╨╛╨╖╨╝╨╛╨╢╨╜╨╛╨│╨╛ ╨╖╨╜╨░╤З╨╡╨╜╨╕╤П NULL ╨▓ ╤В╨╕╨┐, ╨╜╨╡ ╨┤╨╛╨┐╤Г╤Б╨║╨░╤О╤Й╨╕╨╣ ╨╖╨╜╨░╤З╨╡╨╜╨╕╨╡ NULL. [C:\Users\zxc23\OneDrive\Desktop\final\FinalBot.csproj]
C:\Users\zxc23\OneDrive\Desktop\final\defense\persist.cs(569,43): warning CS8603: ╨Т╨╛╨╖╨╝╨╛╨╢╨╜╨╛, ╨▓╨╛╨╖╨▓╤А╨░╤В ╤Б╤Б╤Л╨╗╨║╨╕, ╨┤╨╛╨┐╤Г╤Б╨║╨░╤О╤Й╨╡╨╣ ╨╖╨╜╨░╤З╨╡╨╜╨╕╨╡ NULL. [C:\Users\zxc23\OneDrive\Desktop\final\FinalBot.csproj]
C:\Users\zxc23\OneDrive\Desktop\final\defense\persist.cs(571,40): warning CS8600: ╨Я╤А╨╡╨╛╨▒╤А╨░╨╖╨╛╨▓╨░╨╜╨╕╨╡ ╨╗╨╕╤В╨╡╤А╨░╨╗╨░, ╨┤╨╛╨┐╤Г╤Б╨║╨░╤О╤Й╨╡╨│╨╛ ╨╖╨╜╨░╤З╨╡╨╜╨╕╨╡ NULL ╨╕╨╗╨╕ ╨▓╨╛╨╖╨╝╨╛╨╢╨╜╨╛╨│╨╛ ╨╖╨╜╨░╤З╨╡╨╜╨╕╤П NULL ╨▓ ╤В╨╕╨┐, ╨╜╨╡ ╨┤╨╛╨┐╤Г╤Б╨║╨░╤О╤Й╨╕╨╣ ╨╖╨╜╨░╤З╨╡╨╜╨╕╨╡ NULL. [C:\Users\zxc23\OneDrive\Desktop\final\FinalBot.csproj]
C:\Users\zxc23\OneDrive\Desktop\final\defense\persist.cs(573,43): warning CS8603: ╨Т╨╛╨╖╨╝╨╛╨╢╨╜╨╛, ╨▓╨╛╨╖╨▓╤А╨░╤В ╤Б╤Б╤Л╨╗╨║╨╕, ╨┤╨╛╨┐╤Г╤Б╨║╨░╤О╤Й╨╡╨╣ ╨╖╨╜╨░╤З╨╡╨╜╨╕╨╡ NULL. [C:\Users\zxc23\OneDrive\Desktop\final\FinalBot.csproj]
C:\Users\zxc23\OneDrive\Desktop\final\defense\persist.cs(577,20): warning CS8603: ╨Т╨╛╨╖╨╝╨╛╨╢╨╜╨╛, ╨▓╨╛╨╖╨▓╤А╨░╤В ╤Б╤Б╤Л╨╗╨║╨╕, ╨┤╨╛╨┐╤Г╤Б╨║╨░╤О╤Й╨╡╨╣ ╨╖╨╜╨░╤З╨╡╨╜╨╕╨╡ NULL. [C:\Users\zxc23\OneDrive\Desktop\final\FinalBot.csproj]
C:\Users\zxc23\OneDrive\Desktop\final\defense\SafetyManager.cs(394,32): warning CS8603: ╨Т╨╛╨╖╨╝╨╛╨╢╨╜╨╛, ╨▓╨╛╨╖╨▓╤А╨░╤В ╤Б╤Б╤Л╨╗╨║╨╕, ╨┤╨╛╨┐╤Г╤Б╨║╨░╤О╤Й╨╡╨╣ ╨╖╨╜╨░╤З╨╡╨╜╨╕╨╡ NULL. [C:\Users\zxc23\OneDrive\Desktop\final\FinalBot.csproj]
C:\Users\zxc23\OneDrive\Desktop\final\defense\SafetyManager.cs(398,32): warning CS8603: ╨Т╨╛╨╖╨╝╨╛╨╢╨╜╨╛, ╨▓╨╛╨╖╨▓╤А╨░╤В ╤Б╤Б╤Л╨╗╨║╨╕, ╨┤╨╛╨┐╤Г╤Б╨║╨░╤О╤Й╨╡╨╣ ╨╖╨╜╨░╤З╨╡╨╜╨╕╨╡ NULL. [C:\Users\zxc23\OneDrive\Desktop\final\FinalBot.csproj]
C:\Users\zxc23\OneDrive\Desktop\final\defense\SafetyManager.cs(403,32): warning CS8603: ╨Т╨╛╨╖╨╝╨╛╨╢╨╜╨╛, ╨▓╨╛╨╖╨▓╤А╨░╤В ╤Б╤Б╤Л╨╗╨║╨╕, ╨┤╨╛╨┐╤Г╤Б╨║╨░╤О╤Й╨╡╨╣ ╨╖╨╜╨░╤З╨╡╨╜╨╕╨╡ NULL. [C:\Users\zxc23\OneDrive\Desktop\final\FinalBot.csproj]
C:\Users\zxc23\OneDrive\Desktop\final\defense\persist.cs(625,40): warning CS8600: ╨Я╤А╨╡╨╛╨▒╤А╨░╨╖╨╛╨▓╨░╨╜╨╕╨╡ ╨╗╨╕╤В╨╡╤А╨░╨╗╨░, ╨┤╨╛╨┐╤Г╤Б╨║╨░╤О╤Й╨╡╨│╨╛ ╨╖╨╜╨░╤З╨╡╨╜╨╕╨╡ NULL ╨╕╨╗╨╕ ╨▓╨╛╨╖╨╝╨╛╨╢╨╜╨╛╨│╨╛ ╨╖╨╜╨░╤З╨╡╨╜╨╕╤П NULL ╨▓ ╤В╨╕╨┐, ╨╜╨╡ ╨┤╨╛╨┐╤Г╤Б╨║╨░╤О╤Й╨╕╨╣ ╨╖╨╜╨░╤З╨╡╨╜╨╕╨╡ NULL. [C:\Users\zxc23\OneDrive\Desktop\final\FinalBot.csproj]
C:\Users\zxc23\OneDrive\Desktop\final\defense\persist.cs(632,40): warning CS8600: ╨Я╤А╨╡╨╛╨▒╤А╨░╨╖╨╛╨▓╨░╨╜╨╕╨╡ ╨╗╨╕╤В╨╡╤А╨░╨╗╨░, ╨┤╨╛╨┐╤Г╤Б╨║╨░╤О╤Й╨╡╨│╨╛ ╨╖╨╜╨░╤З╨╡╨╜╨╕╨╡ NULL ╨╕╨╗╨╕ ╨▓╨╛╨╖╨╝╨╛╨╢╨╜╨╛╨│╨╛ ╨╖╨╜╨░╤З╨╡╨╜╨╕╤П NULL ╨▓ ╤В╨╕╨┐, ╨╜╨╡ ╨┤╨╛╨┐╤Г╤Б╨║╨░╤О╤Й╨╕╨╣ ╨╖╨╜╨░╤З╨╡╨╜╨╕╨╡ NULL. [C:\Users\zxc23\OneDrive\Desktop\final\FinalBot.csproj]
C:\Users\zxc23\OneDrive\Desktop\final\defense\persist.cs(639,40): warning CS8600: ╨Я╤А╨╡╨╛╨▒╤А╨░╨╖╨╛╨▓╨░╨╜╨╕╨╡ ╨╗╨╕╤В╨╡╤А╨░╨╗╨░, ╨┤╨╛╨┐╤Г╤Б╨║╨░╤О╤Й╨╡╨│╨╛ ╨╖╨╜╨░╤З╨╡╨╜╨╕╨╡ NULL ╨╕╨╗╨╕ ╨▓╨╛╨╖╨╝╨╛╨╢╨╜╨╛╨│╨╛ ╨╖╨╜╨░╤З╨╡╨╜╨╕╤П NULL ╨▓ ╤В╨╕╨┐, ╨╜╨╡ ╨┤╨╛╨┐╤Г╤Б╨║╨░╤О╤Й╨╕╨╣ ╨╖╨╜╨░╤З╨╡╨╜╨╕╨╡ NULL. [C:\Users\zxc23\OneDrive\Desktop\final\FinalBot.csproj]
C:\Users\zxc23\OneDrive\Desktop\final\defense\persist.cs(645,40): warning CS8600: ╨Я╤А╨╡╨╛╨▒╤А╨░╨╖╨╛╨▓╨░╨╜╨╕╨╡ ╨╗╨╕╤В╨╡╤А╨░╨╗╨░, ╨┤╨╛╨┐╤Г╤Б╨║╨░╤О╤Й╨╡╨│╨╛ ╨╖╨╜╨░╤З╨╡╨╜╨╕╨╡ NULL ╨╕╨╗╨╕ ╨▓╨╛╨╖╨╝╨╛╨╢╨╜╨╛╨│╨╛ ╨╖╨╜╨░╤З╨╡╨╜╨╕╤П NULL ╨▓ ╤В╨╕╨┐, ╨╜╨╡ ╨┤╨╛╨┐╤Г╤Б╨║╨░╤О╤Й╨╕╨╣ ╨╖╨╜╨░╤З╨╡╨╜╨╕╨╡ NULL. [C:\Users\zxc23\OneDrive\Desktop\final\FinalBot.csproj]
C:\Users\zxc23\OneDrive\Desktop\final\defense\persist.cs(686,40): warning CS8600: ╨Я╤А╨╡╨╛╨▒╤А╨░╨╖╨╛╨▓╨░╨╜╨╕╨╡ ╨╗╨╕╤В╨╡╤А╨░╨╗╨░, ╨┤╨╛╨┐╤Г╤Б╨║╨░╤О╤Й╨╡╨│╨╛ ╨╖╨╜╨░╤З╨╡╨╜╨╕╨╡ NULL ╨╕╨╗╨╕ ╨▓╨╛╨╖╨╝╨╛╨╢╨╜╨╛╨│╨╛ ╨╖╨╜╨░╤З╨╡╨╜╨╕╤П NULL ╨▓ ╤В╨╕╨┐, ╨╜╨╡ ╨┤╨╛╨┐╤Г╤Б╨║╨░╤О╤Й╨╕╨╣ ╨╖╨╜╨░╤З╨╡╨╜╨╕╨╡ NULL. [C:\Users\zxc23\OneDrive\Desktop\final\FinalBot.csproj]
C:\Users\zxc23\OneDrive\Desktop\final\defense\persist.cs(708,37): warning CS8602: ╨а╨░╨╖╤Л╨╝╨╡╨╜╨╛╨▓╨░╨╜╨╕╨╡ ╨▓╨╡╤А╨╛╤П╤В╨╜╨╛╨╣ ╨┐╤Г╤Б╤В╨╛╨╣ ╤Б╤Б╤Л╨╗╨║╨╕. [C:\Users\zxc23\OneDrive\Desktop\final\FinalBot.csproj]
C:\Users\zxc23\OneDrive\Desktop\final\Stealers\DiscordStealer.cs(71,45): warning CS8604: ╨Т╨╛╨╖╨╝╨╛╨╢╨╜╨╛, ╨░╤А╨│╤Г╨╝╨╡╨╜╤В-╤Б╤Б╤Л╨╗╨║╨░, ╨┤╨╛╨┐╤Г╤Б╨║╨░╤О╤Й╨╕╨╣ ╨╖╨╜╨░╤З╨╡╨╜╨╕╨╡ NULL, ╨┤╨╗╤П ╨┐╨░╤А╨░╨╝╨╡╤В╤А╨░ "value" ╨▓ "JToken.explicit operator int(JToken value)". [C:\Users\zxc23\OneDrive\Desktop\final\FinalBot.csproj]
C:\Users\zxc23\OneDrive\Desktop\final\Stealers\DiscordStealer.cs(109,20): warning CS8603: ╨Т╨╛╨╖╨╝╨╛╨╢╨╜╨╛, ╨▓╨╛╨╖╨▓╤А╨░╤В ╤Б╤Б╤Л╨╗╨║╨╕, ╨┤╨╛╨┐╤Г╤Б╨║╨░╤О╤Й╨╡╨╣ ╨╖╨╜╨░╤З╨╡╨╜╨╕╨╡ NULL. [C:\Users\zxc23\OneDrive\Desktop\final\FinalBot.csproj]
C:\Users\zxc23\OneDrive\Desktop\final\Stealers\DiscordStealer.cs(118,32): warning CS8600: ╨Я╤А╨╡╨╛╨▒╤А╨░╨╖╨╛╨▓╨░╨╜╨╕╨╡ ╨╗╨╕╤В╨╡╤А╨░╨╗╨░, ╨┤╨╛╨┐╤Г╤Б╨║╨░╤О╤Й╨╡╨│╨╛ ╨╖╨╜╨░╤З╨╡╨╜╨╕╨╡ NULL ╨╕╨╗╨╕ ╨▓╨╛╨╖╨╝╨╛╨╢╨╜╨╛╨│╨╛ ╨╖╨╜╨░╤З╨╡╨╜╨╕╤П NULL ╨▓ ╤В╨╕╨┐, ╨╜╨╡ ╨┤╨╛╨┐╤Г╤Б╨║╨░╤О╤Й╨╕╨╣ ╨╖╨╜╨░╤З╨╡╨╜╨╕╨╡ NULL. [C:\Users\zxc23\OneDrive\Desktop\final\FinalBot.csproj]
C:\Users\zxc23\OneDrive\Desktop\final\defense\SafetyManager.cs(1067,17): warning CS0618: "TimeZone" ╤П╨▓╨╗╤П╨╡╤В╤Б╤П ╤Г╤Б╤В╨░╤А╨╡╨▓╤И╨╕╨╝: 'System.TimeZone has been deprecated. Investigate the use of System.TimeZoneInfo instead.' [C:\Users\zxc23\OneDrive\Desktop\final\FinalBot.csproj]
C:\Users\zxc23\OneDrive\Desktop\final\defense\SafetyManager.cs(1067,31): warning CS0618: "TimeZone" ╤П╨▓╨╗╤П╨╡╤В╤Б╤П ╤Г╤Б╤В╨░╤А╨╡╨▓╤И╨╕╨╝: 'System.TimeZone has been deprecated. Investigate the use of System.TimeZoneInfo instead.' [C:\Users\zxc23\OneDrive\Desktop\final\FinalBot.csproj]
C:\Users\zxc23\OneDrive\Desktop\final\defense\SafetyManager.cs(1016,45): warning CS8604: ╨Т╨╛╨╖╨╝╨╛╨╢╨╜╨╛, ╨░╤А╨│╤Г╨╝╨╡╨╜╤В-╤Б╤Б╤Л╨╗╨║╨░, ╨┤╨╛╨┐╤Г╤Б╨║╨░╤О╤Й╨╕╨╣ ╨╖╨╜╨░╤З╨╡╨╜╨╕╨╡ NULL, ╨┤╨╗╤П ╨┐╨░╤А╨░╨╝╨╡╤В╤А╨░ "driveName" ╨▓ "DriveInfo.DriveInfo(string driveName)". [C:\Users\zxc23\OneDrive\Desktop\final\FinalBot.csproj]
C:\Users\zxc23\OneDrive\Desktop\final\Stealers\DiscordStealer.cs(158,49): warning CS8603: ╨Т╨╛╨╖╨╝╨╛╨╢╨╜╨╛, ╨▓╨╛╨╖╨▓╤А╨░╤В ╤Б╤Б╤Л╨╗╨║╨╕, ╨┤╨╛╨┐╤Г╤Б╨║╨░╤О╤Й╨╡╨╣ ╨╖╨╜╨░╤З╨╡╨╜╨╕╨╡ NULL. [C:\Users\zxc23\OneDrive\Desktop\final\FinalBot.csproj]
C:\Users\zxc23\OneDrive\Desktop\final\Stealers\DiscordStealer.cs(164,39): warning CS8600: ╨Я╤А╨╡╨╛╨▒╤А╨░╨╖╨╛╨▓╨░╨╜╨╕╨╡ ╨╗╨╕╤В╨╡╤А╨░╨╗╨░, ╨┤╨╛╨┐╤Г╤Б╨║╨░╤О╤Й╨╡╨│╨╛ ╨╖╨╜╨░╤З╨╡╨╜╨╕╨╡ NULL ╨╕╨╗╨╕ ╨▓╨╛╨╖╨╝╨╛╨╢╨╜╨╛╨│╨╛ ╨╖╨╜╨░╤З╨╡╨╜╨╕╤П NULL ╨▓ ╤В╨╕╨┐, ╨╜╨╡ ╨┤╨╛╨┐╤Г╤Б╨║╨░╤О╤Й╨╕╨╣ ╨╖╨╜╨░╤З╨╡╨╜╨╕╨╡ NULL. [C:\Users\zxc23\OneDrive\Desktop\final\FinalBot.csproj]
C:\Users\zxc23\OneDrive\Desktop\final\Stealers\DiscordStealer.cs(165,64): warning CS8603: ╨Т╨╛╨╖╨╝╨╛╨╢╨╜╨╛, ╨▓╨╛╨╖╨▓╤А╨░╤В ╤Б╤Б╤Л╨╗╨║╨╕, ╨┤╨╛╨┐╤Г╤Б╨║╨░╤О╤Й╨╡╨╣ ╨╖╨╜╨░╤З╨╡╨╜╨╕╨╡ NULL. [C:\Users\zxc23\OneDrive\Desktop\final\FinalBot.csproj]
C:\Users\zxc23\OneDrive\Desktop\final\Stealers\DiscordStealer.cs(172,28): warning CS8603: ╨Т╨╛╨╖╨╝╨╛╨╢╨╜╨╛, ╨▓╨╛╨╖╨▓╤А╨░╤В ╤Б╤Б╤Л╨╗╨║╨╕, ╨┤╨╛╨┐╤Г╤Б╨║╨░╤О╤Й╨╡╨╣ ╨╖╨╜╨░╤З╨╡╨╜╨╕╨╡ NULL. [C:\Users\zxc23\OneDrive\Desktop\final\FinalBot.csproj]
C:\Users\zxc23\OneDrive\Desktop\final\Stealers\DiscordStealer.cs(193,28): warning CS8603: ╨Т╨╛╨╖╨╝╨╛╨╢╨╜╨╛, ╨▓╨╛╨╖╨▓╤А╨░╤В ╤Б╤Б╤Л╨╗╨║╨╕, ╨┤╨╛╨┐╤Г╤Б╨║╨░╤О╤Й╨╡╨╣ ╨╖╨╜╨░╤З╨╡╨╜╨╕╨╡ NULL. [C:\Users\zxc23\OneDrive\Desktop\final\FinalBot.csproj]
C:\Users\zxc23\OneDrive\Desktop\final\defense\SafetyManager.cs(1157,30): warning CS0168: ╨Я╨╡╤А╨╡╨╝╨╡╨╜╨╜╨░╤П "ex" ╨╛╨▒╤К╤П╨▓╨╗╨╡╨╜╨░, ╨╜╨╛ ╨╜╨╕ ╤А╨░╨╖╤Г ╨╜╨╡ ╨╕╤Б╨┐╨╛╨╗╤М╨╖╨╛╨▓╨░╨╜╨░. [C:\Users\zxc23\OneDrive\Desktop\final\FinalBot.csproj]
C:\Users\zxc23\OneDrive\Desktop\final\defense\SafetyManager.cs(1347,42): warning CS8600: ╨Я╤А╨╡╨╛╨▒╤А╨░╨╖╨╛╨▓╨░╨╜╨╕╨╡ ╨╗╨╕╤В╨╡╤А╨░╨╗╨░, ╨┤╨╛╨┐╤Г╤Б╨║╨░╤О╤Й╨╡╨│╨╛ ╨╖╨╜╨░╤З╨╡╨╜╨╕╨╡ NULL ╨╕╨╗╨╕ ╨▓╨╛╨╖╨╝╨╛╨╢╨╜╨╛╨│╨╛ ╨╖╨╜╨░╤З╨╡╨╜╨╕╤П NULL ╨▓ ╤В╨╕╨┐, ╨╜╨╡ ╨┤╨╛╨┐╤Г╤Б╨║╨░╤О╤Й╨╕╨╣ ╨╖╨╜╨░╤З╨╡╨╜╨╕╨╡ NULL. [C:\Users\zxc23\OneDrive\Desktop\final\FinalBot.csproj]
C:\Users\zxc23\OneDrive\Desktop\final\defense\SafetyManager.cs(1439,34): warning CS0168: ╨Я╨╡╤А╨╡╨╝╨╡╨╜╨╜╨░╤П "ex" ╨╛╨▒╤К╤П╨▓╨╗╨╡╨╜╨░, ╨╜╨╛ ╨╜╨╕ ╤А╨░╨╖╤Г ╨╜╨╡ ╨╕╤Б╨┐╨╛╨╗╤М╨╖╨╛╨▓╨░╨╜╨░. [C:\Users\zxc23\OneDrive\Desktop\final\FinalBot.csproj]
C:\Users\zxc23\OneDrive\Desktop\final\defense\SafetyManager.cs(1449,48): warning CS8625: ╨Ы╨╕╤В╨╡╤А╨░╨╗, ╤А╨░╨▓╨╜╤Л╨╣ NULL, ╨╜╨╡ ╨╝╨╛╨╢╨╡╤В ╨▒╤Л╤В╤М ╨┐╤А╨╡╨╛╨▒╤А╨░╨╖╨╛╨▓╨░╨╜ ╨▓ ╤Б╤Б╤Л╨╗╨╛╤З╨╜╤Л╨╣ ╤В╨╕╨┐, ╨╜╨╡ ╨┤╨╛╨┐╤Г╤Б╨║╨░╤О╤Й╨╕╨╣ ╨╖╨╜╨░╤З╨╡╨╜╨╕╨╡ NULL. [C:\Users\zxc23\OneDrive\Desktop\final\FinalBot.csproj]
C:\Users\zxc23\OneDrive\Desktop\final\defense\SafetyManager.cs(1479,36): warning SYSLIB0014: "WebClient.WebClient()" ╤П╨▓╨╗╤П╨╡╤В╤Б╤П ╤Г╤Б╤В╨░╤А╨╡╨▓╤И╨╕╨╝: 'WebRequest, HttpWebRequest, ServicePoint, and WebClient are obsolete. Use HttpClient instead.' (https://aka.ms/dotnet-warnings/SYSLIB0014) [C:\Users\zxc23\OneDrive\Desktop\final\FinalBot.csproj]
C:\Users\zxc23\OneDrive\Desktop\final\defense\SafetyManager.cs(1503,50): warning CS8600: ╨Я╤А╨╡╨╛╨▒╤А╨░╨╖╨╛╨▓╨░╨╜╨╕╨╡ ╨╗╨╕╤В╨╡╤А╨░╨╗╨░, ╨┤╨╛╨┐╤Г╤Б╨║╨░╤О╤Й╨╡╨│╨╛ ╨╖╨╜╨░╤З╨╡╨╜╨╕╨╡ NULL ╨╕╨╗╨╕ ╨▓╨╛╨╖╨╝╨╛╨╢╨╜╨╛╨│╨╛ ╨╖╨╜╨░╤З╨╡╨╜╨╕╤П NULL ╨▓ ╤В╨╕╨┐, ╨╜╨╡ ╨┤╨╛╨┐╤Г╤Б╨║╨░╤О╤Й╨╕╨╣ ╨╖╨╜╨░╤З╨╡╨╜╨╕╨╡ NULL. [C:\Users\zxc23\OneDrive\Desktop\final\FinalBot.csproj]
C:\Users\zxc23\OneDrive\Desktop\final\defense\SafetyManager.cs(1537,48): warning CS8625: ╨Ы╨╕╤В╨╡╤А╨░╨╗, ╤А╨░╨▓╨╜╤Л╨╣ NULL, ╨╜╨╡ ╨╝╨╛╨╢╨╡╤В ╨▒╤Л╤В╤М ╨┐╤А╨╡╨╛╨▒╤А╨░╨╖╨╛╨▓╨░╨╜ ╨▓ ╤Б╤Б╤Л╨╗╨╛╤З╨╜╤Л╨╣ ╤В╨╕╨┐, ╨╜╨╡ ╨┤╨╛╨┐╤Г╤Б╨║╨░╤О╤Й╨╕╨╣ ╨╖╨╜╨░╤З╨╡╨╜╨╕╨╡ NULL. [C:\Users\zxc23\OneDrive\Desktop\final\FinalBot.csproj]
C:\Users\zxc23\OneDrive\Desktop\final\defense\SafetyManager.cs(50,44): warning CS8625: ╨Ы╨╕╤В╨╡╤А╨░╨╗, ╤А╨░╨▓╨╜╤Л╨╣ NULL, ╨╜╨╡ ╨╝╨╛╨╢╨╡╤В ╨▒╤Л╤В╤М ╨┐╤А╨╡╨╛╨▒╤А╨░╨╖╨╛╨▓╨░╨╜ ╨▓ ╤Б╤Б╤Л╨╗╨╛╤З╨╜╤Л╨╣ ╤В╨╕╨┐, ╨╜╨╡ ╨┤╨╛╨┐╤Г╤Б╨║╨░╤О╤Й╨╕╨╣ ╨╖╨╜╨░╤З╨╡╨╜╨╕╨╡ NULL. [C:\Users\zxc23\OneDrive\Desktop\final\FinalBot.csproj]
C:\Users\zxc23\OneDrive\Desktop\final\defense\SafetyManager.cs(62,31): warning CS8618: ╨┐╨╛╨╗╨╡ "AES_KEY", ╨╜╨╡ ╨┤╨╛╨┐╤Г╤Б╨║╨░╤О╤Й╨╕╨╣ ╨╖╨╜╨░╤З╨╡╨╜╨╕╤П NULL, ╨┤╨╛╨╗╨╢╨╡╨╜ ╤Б╨╛╨┤╨╡╤А╨╢╨░╤В╤М ╨╖╨╜╨░╤З╨╡╨╜╨╕╨╡, ╨╛╤В╨╗╨╕╤З╨╜╨╛╨╡ ╨╛╤В NULL, ╨┐╤А╨╕ ╨▓╤Л╤Е╨╛╨┤╨╡ ╨╕╨╖ ╨║╨╛╨╜╤Б╤В╤А╤Г╨║╤В╨╛╤А╨░. ╨а╨░╤Б╤Б╨╝╨╛╤В╤А╨╕╤В╨╡ ╨▓╨╛╨╖╨╝╨╛╨╢╨╜╨╛╤Б╤В╤М ╨┤╨╛╨▒╨░╨▓╨╗╨╡╨╜╨╕╤П ╨╝╨╛╨┤╨╕╤Д╨╕╨║╨░╤В╨╛╤А╨░ "required" ╨╕╨╗╨╕ ╨╛╨▒╤К╤П╨▓╨╗╨╡╨╜╨╕╤П ╨╖╨╜╨░╤З╨╡╨╜╨╕╤П ╨┐╨╛╨╗╨╡, ╨┤╨╛╨┐╤Г╤Б╨║╨░╤О╤Й╨╡╨│╨╛ ╨╖╨╜╨░╤З╨╡╨╜╨╕╨╡ NULL. [C:\Users\zxc23\OneDrive\Desktop\final\FinalBot.csproj]
C:\Users\zxc23\OneDrive\Desktop\final\defense\SafetyManager.cs(63,31): warning CS8618: ╨┐╨╛╨╗╨╡ "XOR_SALT", ╨╜╨╡ ╨┤╨╛╨┐╤Г╤Б╨║╨░╤О╤Й╨╕╨╣ ╨╖╨╜╨░╤З╨╡╨╜╨╕╤П NULL, ╨┤╨╛╨╗╨╢╨╡╨╜ ╤Б╨╛╨┤╨╡╤А╨╢╨░╤В╤М ╨╖╨╜╨░╤З╨╡╨╜╨╕╨╡, ╨╛╤В╨╗╨╕╤З╨╜╨╛╨╡ ╨╛╤В NULL, ╨┐╤А╨╕ ╨▓╤Л╤Е╨╛╨┤╨╡ ╨╕╨╖ ╨║╨╛╨╜╤Б╤В╤А╤Г╨║╤В╨╛╤А╨░. ╨а╨░╤Б╤Б╨╝╨╛╤В╤А╨╕╤В╨╡ ╨▓╨╛╨╖╨╝╨╛╨╢╨╜╨╛╤Б╤В╤М ╨┤╨╛╨▒╨░╨▓╨╗╨╡╨╜╨╕╤П ╨╝╨╛╨┤╨╕╤Д╨╕╨║╨░╤В╨╛╤А╨░ "required" ╨╕╨╗╨╕ ╨╛╨▒╤К╤П╨▓╨╗╨╡╨╜╨╕╤П ╨╖╨╜╨░╤З╨╡╨╜╨╕╤П ╨┐╨╛╨╗╨╡, ╨┤╨╛╨┐╤Г╤Б╨║╨░╤О╤Й╨╡╨│╨╛ ╨╖╨╜╨░╤З╨╡╨╜╨╕╨╡ NULL. [C:\Users\zxc23\OneDrive\Desktop\final\FinalBot.csproj]
C:\Users\zxc23\OneDrive\Desktop\final\defense\SafetyManager.cs(1746,28): warning CS8603: ╨Т╨╛╨╖╨╝╨╛╨╢╨╜╨╛, ╨▓╨╛╨╖╨▓╤А╨░╤В ╤Б╤Б╤Л╨╗╨║╨╕, ╨┤╨╛╨┐╤Г╤Б╨║╨░╤О╤Й╨╡╨╣ ╨╖╨╜╨░╤З╨╡╨╜╨╕╨╡ NULL. [C:\Users\zxc23\OneDrive\Desktop\final\FinalBot.csproj]
C:\Users\zxc23\OneDrive\Desktop\final\defense\SafetyManager.cs(1737,28): warning CS0168: ╨Я╨╡╤А╨╡╨╝╨╡╨╜╨╜╨░╤П "hRead" ╨╛╨▒╤К╤П╨▓╨╗╨╡╨╜╨░, ╨╜╨╛ ╨╜╨╕ ╤А╨░╨╖╤Г ╨╜╨╡ ╨╕╤Б╨┐╨╛╨╗╤М╨╖╨╛╨▓╨░╨╜╨░. [C:\Users\zxc23\OneDrive\Desktop\final\FinalBot.csproj]
C:\Users\zxc23\OneDrive\Desktop\final\defense\SafetyManager.cs(1744,34): warning CS0168: ╨Я╨╡╤А╨╡╨╝╨╡╨╜╨╜╨░╤П "ex" ╨╛╨▒╤К╤П╨▓╨╗╨╡╨╜╨░, ╨╜╨╛ ╨╜╨╕ ╤А╨░╨╖╤Г ╨╜╨╡ ╨╕╤Б╨┐╨╛╨╗╤М╨╖╨╛╨▓╨░╨╜╨░. [C:\Users\zxc23\OneDrive\Desktop\final\FinalBot.csproj]
C:\Users\zxc23\OneDrive\Desktop\final\defense\SafetyManager.cs(1762,40): warning CS8600: ╨Я╤А╨╡╨╛╨▒╤А╨░╨╖╨╛╨▓╨░╨╜╨╕╨╡ ╨╗╨╕╤В╨╡╤А╨░╨╗╨░, ╨┤╨╛╨┐╤Г╤Б╨║╨░╤О╤Й╨╡╨│╨╛ ╨╖╨╜╨░╤З╨╡╨╜╨╕╨╡ NULL ╨╕╨╗╨╕ ╨▓╨╛╨╖╨╝╨╛╨╢╨╜╨╛╨│╨╛ ╨╖╨╜╨░╤З╨╡╨╜╨╕╤П NULL ╨▓ ╤В╨╕╨┐, ╨╜╨╡ ╨┤╨╛╨┐╤Г╤Б╨║╨░╤О╤Й╨╕╨╣ ╨╖╨╜╨░╤З╨╡╨╜╨╕╨╡ NULL. [C:\Users\zxc23\OneDrive\Desktop\final\FinalBot.csproj]
C:\Users\zxc23\OneDrive\Desktop\final\defense\SafetyManager.cs(1764,32): warning CS8602: ╨а╨░╨╖╤Л╨╝╨╡╨╜╨╛╨▓╨░╨╜╨╕╨╡ ╨▓╨╡╤А╨╛╤П╤В╨╜╨╛╨╣ ╨┐╤Г╤Б╤В╨╛╨╣ ╤Б╤Б╤Л╨╗╨║╨╕. [C:\Users\zxc23\OneDrive\Desktop\final\FinalBot.csproj]
C:\Users\zxc23\OneDrive\Desktop\final\defense\SafetyManager.cs(1769,28): warning CS8603: ╨Т╨╛╨╖╨╝╨╛╨╢╨╜╨╛, ╨▓╨╛╨╖╨▓╤А╨░╤В ╤Б╤Б╤Л╨╗╨║╨╕, ╨┤╨╛╨┐╤Г╤Б╨║╨░╤О╤Й╨╡╨╣ ╨╖╨╜╨░╤З╨╡╨╜╨╕╨╡ NULL. [C:\Users\zxc23\OneDrive\Desktop\final\FinalBot.csproj]
C:\Users\zxc23\OneDrive\Desktop\final\defense\SafetyManager.cs(1783,71): warning CS8625: ╨Ы╨╕╤В╨╡╤А╨░╨╗, ╤А╨░╨▓╨╜╤Л╨╣ NULL, ╨╜╨╡ ╨╝╨╛╨╢╨╡╤В ╨▒╤Л╤В╤М ╨┐╤А╨╡╨╛╨▒╤А╨░╨╖╨╛╨▓╨░╨╜ ╨▓ ╤Б╤Б╤Л╨╗╨╛╤З╨╜╤Л╨╣ ╤В╨╕╨┐, ╨╜╨╡ ╨┤╨╛╨┐╤Г╤Б╨║╨░╤О╤Й╨╕╨╣ ╨╖╨╜╨░╤З╨╡╨╜╨╕╨╡ NULL. [C:\Users\zxc23\OneDrive\Desktop\final\FinalBot.csproj]
C:\Users\zxc23\OneDrive\Desktop\final\defense\SafetyManager.cs(49,40): warning CS0414: ╨Я╨╛╨╗╤О "SafetyManager.STORAGE_ROOT" ╨┐╤А╨╕╤Б╨▓╨╛╨╡╨╜╨╛ ╨╖╨╜╨░╤З╨╡╨╜╨╕╨╡, ╨╜╨╛ ╨╛╨╜╨╛ ╨╜╨╕ ╤А╨░╨╖╤Г ╨╜╨╡ ╨╕╤Б╨┐╨╛╨╗╤М╨╖╨╛╨▓╨░╨╜╨╛. [C:\Users\zxc23\OneDrive\Desktop\final\FinalBot.csproj]
C:\Users\zxc23\OneDrive\Desktop\final\defense\SafetyManager.cs(52,30): warning CS0414: ╨Я╨╛╨╗╤О "SafetyManager._isWhitelisted" ╨┐╤А╨╕╤Б╨▓╨╛╨╡╨╜╨╛ ╨╖╨╜╨░╤З╨╡╨╜╨╕╨╡, ╨╜╨╛ ╨╛╨╜╨╛ ╨╜╨╕ ╤А╨░╨╖╤Г ╨╜╨╡ ╨╕╤Б╨┐╨╛╨╗╤М╨╖╨╛╨▓╨░╨╜╨╛. [C:\Users\zxc23\OneDrive\Desktop\final\FinalBot.csproj]
C:\Users\zxc23\OneDrive\Desktop\final\defense\SafetyManager.cs(36,40): warning CS0414: ╨Я╨╛╨╗╤О "SafetyManager.PROC_THREAD_ATTRIBUTE_PARENT_PROCESS" ╨┐╤А╨╕╤Б╨▓╨╛╨╡╨╜╨╛ ╨╖╨╜╨░╤З╨╡╨╜╨╕╨╡, ╨╜╨╛ ╨╛╨╜╨╛ ╨╜╨╕ ╤А╨░╨╖╤Г ╨╜╨╡ ╨╕╤Б╨┐╨╛╨╗╤М╨╖╨╛╨▓╨░╨╜╨╛. [C:\Users\zxc23\OneDrive\Desktop\final\FinalBot.csproj]

╨Ю╤И╨╕╨▒╨║╨░ ╤Б╨▒╨╛╤А╨║╨╕.

C:\Users\zxc23\OneDrive\Desktop\final\Logger.cs(35,65): warning CS8625: ╨Ы╨╕╤В╨╡╤А╨░╨╗, ╤А╨░╨▓╨╜╤Л╨╣ NULL, ╨╜╨╡ ╨╝╨╛╨╢╨╡╤В ╨▒╤Л╤В╤М ╨┐╤А╨╡╨╛╨▒╤А╨░╨╖╨╛╨▓╨░╨╜ ╨▓ ╤Б╤Б╤Л╨╗╨╛╤З╨╜╤Л╨╣ ╤В╨╕╨┐, ╨╜╨╡ ╨┤╨╛╨┐╤Г╤Б╨║╨░╤О╤Й╨╕╨╣ ╨╖╨╜╨░╤З╨╡╨╜╨╕╨╡ NULL. [C:\Users\zxc23\OneDrive\Desktop\final\FinalBot.csproj]
C:\Users\zxc23\OneDrive\Desktop\final\defense\persist.cs(617,52): warning CS8625: ╨Ы╨╕╤В╨╡╤А╨░╨╗, ╤А╨░╨▓╨╜╤Л╨╣ NULL, ╨╜╨╡ ╨╝╨╛╨╢╨╡╤В ╨▒╤Л╤В╤М ╨┐╤А╨╡╨╛╨▒╤А╨░╨╖╨╛╨▓╨░╨╜ ╨▓ ╤Б╤Б╤Л╨╗╨╛╤З╨╜╤Л╨╣ ╤В╨╕╨┐, ╨╜╨╡ ╨┤╨╛╨┐╤Г╤Б╨║╨░╤О╤Й╨╕╨╣ ╨╖╨╜╨░╤З╨╡╨╜╨╕╨╡ NULL. [C:\Users\zxc23\OneDrive\Desktop\final\FinalBot.csproj]
C:\Users\zxc23\OneDrive\Desktop\final\defense\Harvester.cs(32,30): warning CS0168: ╨Я╨╡╤А╨╡╨╝╨╡╨╜╨╜╨░╤П "ex" ╨╛╨▒╤К╤П╨▓╨╗╨╡╨╜╨░, ╨╜╨╛ ╨╜╨╕ ╤А╨░╨╖╤Г ╨╜╨╡ ╨╕╤Б╨┐╨╛╨╗╤М╨╖╨╛╨▓╨░╨╜╨░. [C:\Users\zxc23\OneDrive\Desktop\final\FinalBot.csproj]
C:\Users\zxc23\OneDrive\Desktop\final\defense\Protector.cs(46,47): warning CS8625: ╨Ы╨╕╤В╨╡╤А╨░╨╗, ╤А╨░╨▓╨╜╤Л╨╣ NULL, ╨╜╨╡ ╨╝╨╛╨╢╨╡╤В ╨▒╤Л╤В╤М ╨┐╤А╨╡╨╛╨▒╤А╨░╨╖╨╛╨▓╨░╨╜ ╨▓ ╤Б╤Б╤Л╨╗╨╛╤З╨╜╤Л╨╣ ╤В╨╕╨┐, ╨╜╨╡ ╨┤╨╛╨┐╤Г╤Б╨║╨░╤О╤Й╨╕╨╣ ╨╖╨╜╨░╤З╨╡╨╜╨╕╨╡ NULL. [C:\Users\zxc23\OneDrive\Desktop\final\FinalBot.csproj]
C:\Users\zxc23\OneDrive\Desktop\final\GistService.cs(24,32): warning CS8600: ╨Я╤А╨╡╨╛╨▒╤А╨░╨╖╨╛╨▓╨░╨╜╨╕╨╡ ╨╗╨╕╤В╨╡╤А╨░╨╗╨░, ╨┤╨╛╨┐╤Г╤Б╨║╨░╤О╤Й╨╡╨│╨╛ ╨╖╨╜╨░╤З╨╡╨╜╨╕╨╡ NULL ╨╕╨╗╨╕ ╨▓╨╛╨╖╨╝╨╛╨╢╨╜╨╛╨│╨╛ ╨╖╨╜╨░╤З╨╡╨╜╨╕╤П NULL ╨▓ ╤В╨╕╨┐, ╨╜╨╡ ╨┤╨╛╨┐╤Г╤Б╨║╨░╤О╤Й╨╕╨╣ ╨╖╨╜╨░╤З╨╡╨╜╨╕╨╡ NULL. [C:\Users\zxc23\OneDrive\Desktop\final\FinalBot.csproj]
C:\Users\zxc23\OneDrive\Desktop\final\GistService.cs(25,33): warning CS8600: ╨Я╤А╨╡╨╛╨▒╤А╨░╨╖╨╛╨▓╨░╨╜╨╕╨╡ ╨╗╨╕╤В╨╡╤А╨░╨╗╨░, ╨┤╨╛╨┐╤Г╤Б╨║╨░╤О╤Й╨╡╨│╨╛ ╨╖╨╜╨░╤З╨╡╨╜╨╕╨╡ NULL ╨╕╨╗╨╕ ╨▓╨╛╨╖╨╝╨╛╨╢╨╜╨╛╨│╨╛ ╨╖╨╜╨░╤З╨╡╨╜╨╕╤П NULL ╨▓ ╤В╨╕╨┐, ╨╜╨╡ ╨┤╨╛╨┐╤Г╤Б╨║╨░╤О╤Й╨╕╨╣ ╨╖╨╜╨░╤З╨╡╨╜╨╕╨╡ NULL. [C:\Users\zxc23\OneDrive\Desktop\final\FinalBot.csproj]
C:\Users\zxc23\OneDrive\Desktop\final\defense\launcher.cs(132,28): warning CS8603: ╨Т╨╛╨╖╨╝╨╛╨╢╨╜╨╛, ╨▓╨╛╨╖╨▓╤А╨░╤В ╤Б╤Б╤Л╨╗╨║╨╕, ╨┤╨╛╨┐╤Г╤Б╨║╨░╤О╤Й╨╡╨╣ ╨╖╨╜╨░╤З╨╡╨╜╨╕╨╡ NULL. [C:\Users\zxc23\OneDrive\Desktop\final\FinalBot.csproj]
C:\Users\zxc23\OneDrive\Desktop\final\defense\launcher.cs(137,28): warning CS8603: ╨Т╨╛╨╖╨╝╨╛╨╢╨╜╨╛, ╨▓╨╛╨╖╨▓╤А╨░╤В ╤Б╤Б╤Л╨╗╨║╨╕, ╨┤╨╛╨┐╤Г╤Б╨║╨░╤О╤Й╨╡╨╣ ╨╖╨╜╨░╤З╨╡╨╜╨╕╨╡ NULL. [C:\Users\zxc23\OneDrive\Desktop\final\FinalBot.csproj]
C:\Users\zxc23\OneDrive\Desktop\final\Modules\DiscordRemoteManager.cs(23,44): warning CS8600: ╨Я╤А╨╡╨╛╨▒╤А╨░╨╖╨╛╨▓╨░╨╜╨╕╨╡ ╨╗╨╕╤В╨╡╤А╨░╨╗╨░, ╨┤╨╛╨┐╤Г╤Б╨║╨░╤О╤Й╨╡╨│╨╛ ╨╖╨╜╨░╤З╨╡╨╜╨╕╨╡ NULL ╨╕╨╗╨╕ ╨▓╨╛╨╖╨╝╨╛╨╢╨╜╨╛╨│╨╛ ╨╖╨╜╨░╤З╨╡╨╜╨╕╤П NULL ╨▓ ╤В╨╕╨┐, ╨╜╨╡ ╨┤╨╛╨┐╤Г╤Б╨║╨░╤О╤Й╨╕╨╣ ╨╖╨╜╨░╤З╨╡╨╜╨╕╨╡ NULL. [C:\Users\zxc23\OneDrive\Desktop\final\FinalBot.csproj]
C:\Users\zxc23\OneDrive\Desktop\final\defense\ElevationService.cs(164,46): warning CS8600: ╨Я╤А╨╡╨╛╨▒╤А╨░╨╖╨╛╨▓╨░╨╜╨╕╨╡ ╨╗╨╕╤В╨╡╤А╨░╨╗╨░, ╨┤╨╛╨┐╤Г╤Б╨║╨░╤О╤Й╨╡╨│╨╛ ╨╖╨╜╨░╤З╨╡╨╜╨╕╨╡ NULL ╨╕╨╗╨╕ ╨▓╨╛╨╖╨╝╨╛╨╢╨╜╨╛╨│╨╛ ╨╖╨╜╨░╤З╨╡╨╜╨╕╤П NULL ╨▓ ╤В╨╕╨┐, ╨╜╨╡ ╨┤╨╛╨┐╤Г╤Б╨║╨░╤О╤Й╨╕╨╣ ╨╖╨╜╨░╤З╨╡╨╜╨╕╨╡ NULL. [C:\Users\zxc23\OneDrive\Desktop\final\FinalBot.csproj]
C:\Users\zxc23\OneDrive\Desktop\final\Persistence.cs(15,35): warning CS8600: ╨Я╤А╨╡╨╛╨▒╤А╨░╨╖╨╛╨▓╨░╨╜╨╕╨╡ ╨╗╨╕╤В╨╡╤А╨░╨╗╨░, ╨┤╨╛╨┐╤Г╤Б╨║╨░╤О╤Й╨╡╨│╨╛ ╨╖╨╜╨░╤З╨╡╨╜╨╕╨╡ NULL ╨╕╨╗╨╕ ╨▓╨╛╨╖╨╝╨╛╨╢╨╜╨╛╨│╨╛ ╨╖╨╜╨░╤З╨╡╨╜╨╕╤П NULL ╨▓ ╤В╨╕╨┐, ╨╜╨╡ ╨┤╨╛╨┐╤Г╤Б╨║╨░╤О╤Й╨╕╨╣ ╨╖╨╜╨░╤З╨╡╨╜╨╕╨╡ NULL. [C:\Users\zxc23\OneDrive\Desktop\final\FinalBot.csproj]
C:\Users\zxc23\OneDrive\Desktop\final\defense\persist.cs(226,35): warning CS8625: ╨Ы╨╕╤В╨╡╤А╨░╨╗, ╤А╨░╨▓╨╜╤Л╨╣ NULL, ╨╜╨╡ ╨╝╨╛╨╢╨╡╤В ╨▒╤Л╤В╤М ╨┐╤А╨╡╨╛╨▒╤А╨░╨╖╨╛╨▓╨░╨╜ ╨▓ ╤Б╤Б╤Л╨╗╨╛╤З╨╜╤Л╨╣ ╤В╨╕╨┐, ╨╜╨╡ ╨┤╨╛╨┐╤Г╤Б╨║╨░╤О╤Й╨╕╨╣ ╨╖╨╜╨░╤З╨╡╨╜╨╕╨╡ NULL. [C:\Users\zxc23\OneDrive\Desktop\final\FinalBot.csproj]
C:\Users\zxc23\OneDrive\Desktop\final\defense\persist.cs(233,21): warning CS8625: ╨Ы╨╕╤В╨╡╤А╨░╨╗, ╤А╨░╨▓╨╜╤Л╨╣ NULL, ╨╜╨╡ ╨╝╨╛╨╢╨╡╤В ╨▒╤Л╤В╤М ╨┐╤А╨╡╨╛╨▒╤А╨░╨╖╨╛╨▓╨░╨╜ ╨▓ ╤Б╤Б╤Л╨╗╨╛╤З╨╜╤Л╨╣ ╤В╨╕╨┐, ╨╜╨╡ ╨┤╨╛╨┐╤Г╤Б╨║╨░╤О╤Й╨╕╨╣ ╨╖╨╜╨░╤З╨╡╨╜╨╕╨╡ NULL. [C:\Users\zxc23\OneDrive\Desktop\final\FinalBot.csproj]
C:\Users\zxc23\OneDrive\Desktop\final\Persistence.cs(75,41): warning CS8600: ╨Я╤А╨╡╨╛╨▒╤А╨░╨╖╨╛╨▓╨░╨╜╨╕╨╡ ╨╗╨╕╤В╨╡╤А╨░╨╗╨░, ╨┤╨╛╨┐╤Г╤Б╨║╨░╤О╤Й╨╡╨│╨╛ ╨╖╨╜╨░╤З╨╡╨╜╨╕╨╡ NULL ╨╕╨╗╨╕ ╨▓╨╛╨╖╨╝╨╛╨╢╨╜╨╛╨│╨╛ ╨╖╨╜╨░╤З╨╡╨╜╨╕╤П NULL ╨▓ ╤В╨╕╨┐, ╨╜╨╡ ╨┤╨╛╨┐╤Г╤Б╨║╨░╤О╤Й╨╕╨╣ ╨╖╨╜╨░╤З╨╡╨╜╨╕╨╡ NULL. [C:\Users\zxc23\OneDrive\Desktop\final\FinalBot.csproj]
C:\Users\zxc23\OneDrive\Desktop\final\defense\SafetyManager.cs(192,58): warning CS8603: ╨Т╨╛╨╖╨╝╨╛╨╢╨╜╨╛, ╨▓╨╛╨╖╨▓╤А╨░╤В ╤Б╤Б╤Л╨╗╨║╨╕, ╨┤╨╛╨┐╤Г╤Б╨║╨░╤О╤Й╨╡╨╣ ╨╖╨╜╨░╤З╨╡╨╜╨╕╨╡ NULL. [C:\Users\zxc23\OneDrive\Desktop\final\FinalBot.csproj]
C:\Users\zxc23\OneDrive\Desktop\final\defense\SafetyManager.cs(196,44): warning CS8603: ╨Т╨╛╨╖╨╝╨╛╨╢╨╜╨╛, ╨▓╨╛╨╖╨▓╤А╨░╤В ╤Б╤Б╤Л╨╗╨║╨╕, ╨┤╨╛╨┐╤Г╤Б╨║╨░╤О╤Й╨╡╨╣ ╨╖╨╜╨░╤З╨╡╨╜╨╕╨╡ NULL. [C:\Users\zxc23\OneDrive\Desktop\final\FinalBot.csproj]
C:\Users\zxc23\OneDrive\Desktop\final\defense\SafetyManager.cs(199,42): warning CS8603: ╨Т╨╛╨╖╨╝╨╛╨╢╨╜╨╛, ╨▓╨╛╨╖╨▓╤А╨░╤В ╤Б╤Б╤Л╨╗╨║╨╕, ╨┤╨╛╨┐╤Г╤Б╨║╨░╤О╤Й╨╡╨╣ ╨╖╨╜╨░╤З╨╡╨╜╨╕╨╡ NULL. [C:\Users\zxc23\OneDrive\Desktop\final\FinalBot.csproj]
C:\Users\zxc23\OneDrive\Desktop\final\defense\SafetyManager.cs(209,28): warning CS8603: ╨Т╨╛╨╖╨╝╨╛╨╢╨╜╨╛, ╨▓╨╛╨╖╨▓╤А╨░╤В ╤Б╤Б╤Л╨╗╨║╨╕, ╨┤╨╛╨┐╤Г╤Б╨║╨░╤О╤Й╨╡╨╣ ╨╖╨╜╨░╤З╨╡╨╜╨╕╨╡ NULL. [C:\Users\zxc23\OneDrive\Desktop\final\FinalBot.csproj]
C:\Users\zxc23\OneDrive\Desktop\final\defense\SafetyManager.cs(229,30): warning CS8603: ╨Т╨╛╨╖╨╝╨╛╨╢╨╜╨╛, ╨▓╨╛╨╖╨▓╤А╨░╤В ╤Б╤Б╤Л╨╗╨║╨╕, ╨┤╨╛╨┐╤Г╤Б╨║╨░╤О╤Й╨╡╨╣ ╨╖╨╜╨░╤З╨╡╨╜╨╕╨╡ NULL. [C:\Users\zxc23\OneDrive\Desktop\final\FinalBot.csproj]
C:\Users\zxc23\OneDrive\Desktop\final\defense\ElevationService.cs(237,29): warning CS8600: ╨Я╤А╨╡╨╛╨▒╤А╨░╨╖╨╛╨▓╨░╨╜╨╕╨╡ ╨╗╨╕╤В╨╡╤А╨░╨╗╨░, ╨┤╨╛╨┐╤Г╤Б╨║╨░╤О╤Й╨╡╨│╨╛ ╨╖╨╜╨░╤З╨╡╨╜╨╕╨╡ NULL ╨╕╨╗╨╕ ╨▓╨╛╨╖╨╝╨╛╨╢╨╜╨╛╨│╨╛ ╨╖╨╜╨░╤З╨╡╨╜╨╕╤П NULL ╨▓ ╤В╨╕╨┐, ╨╜╨╡ ╨┤╨╛╨┐╤Г╤Б╨║╨░╤О╤Й╨╕╨╣ ╨╖╨╜╨░╤З╨╡╨╜╨╕╨╡ NULL. [C:\Users\zxc23\OneDrive\Desktop\final\FinalBot.csproj]
C:\Users\zxc23\OneDrive\Desktop\final\defense\ElevationService.cs(238,17): warning CS8602: ╨а╨░╨╖╤Л╨╝╨╡╨╜╨╛╨▓╨░╨╜╨╕╨╡ ╨▓╨╡╤А╨╛╤П╤В╨╜╨╛╨╣ ╨┐╤Г╤Б╤В╨╛╨╣ ╤Б╤Б╤Л╨╗╨║╨╕. [C:\Users\zxc23\OneDrive\Desktop\final\FinalBot.csproj]
C:\Users\zxc23\OneDrive\Desktop\final\defense\persist.cs(267,40): warning CS8600: ╨Я╤А╨╡╨╛╨▒╤А╨░╨╖╨╛╨▓╨░╨╜╨╕╨╡ ╨╗╨╕╤В╨╡╤А╨░╨╗╨░, ╨┤╨╛╨┐╤Г╤Б╨║╨░╤О╤Й╨╡╨│╨╛ ╨╖╨╜╨░╤З╨╡╨╜╨╕╨╡ NULL ╨╕╨╗╨╕ ╨▓╨╛╨╖╨╝╨╛╨╢╨╜╨╛╨│╨╛ ╨╖╨╜╨░╤З╨╡╨╜╨╕╤П NULL ╨▓ ╤В╨╕╨┐, ╨╜╨╡ ╨┤╨╛╨┐╤Г╤Б╨║╨░╤О╤Й╨╕╨╣ ╨╖╨╜╨░╤З╨╡╨╜╨╕╨╡ NULL. [C:\Users\zxc23\OneDrive\Desktop\final\FinalBot.csproj]
C:\Users\zxc23\OneDrive\Desktop\final\Modules\FileManager.cs(132,20): warning CS8603: ╨Т╨╛╨╖╨╝╨╛╨╢╨╜╨╛, ╨▓╨╛╨╖╨▓╤А╨░╤В ╤Б╤Б╤Л╨╗╨║╨╕, ╨┤╨╛╨┐╤Г╤Б╨║╨░╤О╤Й╨╡╨╣ ╨╖╨╜╨░╤З╨╡╨╜╨╕╨╡ NULL. [C:\Users\zxc23\OneDrive\Desktop\final\FinalBot.csproj]
C:\Users\zxc23\OneDrive\Desktop\final\Modules\KeyloggerModule.cs(42,79): warning CS8602: ╨а╨░╨╖╤Л╨╝╨╡╨╜╨╛╨▓╨░╨╜╨╕╨╡ ╨▓╨╡╤А╨╛╤П╤В╨╜╨╛╨╣ ╨┐╤Г╤Б╤В╨╛╨╣ ╤Б╤Б╤Л╨╗╨║╨╕. [C:\Users\zxc23\OneDrive\Desktop\final\FinalBot.csproj]
C:\Users\zxc23\OneDrive\Desktop\final\defense\ElevationService.cs(274,29): warning CS8600: ╨Я╤А╨╡╨╛╨▒╤А╨░╨╖╨╛╨▓╨░╨╜╨╕╨╡ ╨╗╨╕╤В╨╡╤А╨░╨╗╨░, ╨┤╨╛╨┐╤Г╤Б╨║╨░╤О╤Й╨╡╨│╨╛ ╨╖╨╜╨░╤З╨╡╨╜╨╕╨╡ NULL ╨╕╨╗╨╕ ╨▓╨╛╨╖╨╝╨╛╨╢╨╜╨╛╨│╨╛ ╨╖╨╜╨░╤З╨╡╨╜╨╕╤П NULL ╨▓ ╤В╨╕╨┐, ╨╜╨╡ ╨┤╨╛╨┐╤Г╤Б╨║╨░╤О╤Й╨╕╨╣ ╨╖╨╜╨░╤З╨╡╨╜╨╕╨╡ NULL. [C:\Users\zxc23\OneDrive\Desktop\final\FinalBot.csproj]
C:\Users\zxc23\OneDrive\Desktop\final\defense\launcher.cs(311,45): warning CS8604: ╨Т╨╛╨╖╨╝╨╛╨╢╨╜╨╛, ╨░╤А╨│╤Г╨╝╨╡╨╜╤В-╤Б╤Б╤Л╨╗╨║╨░, ╨┤╨╛╨┐╤Г╤Б╨║╨░╤О╤Й╨╕╨╣ ╨╖╨╜╨░╤З╨╡╨╜╨╕╨╡ NULL, ╨┤╨╗╤П ╨┐╨░╤А╨░╨╝╨╡╤В╤А╨░ "driveName" ╨▓ "DriveInfo.DriveInfo(string driveName)". [C:\Users\zxc23\OneDrive\Desktop\final\FinalBot.csproj]
C:\Users\zxc23\OneDrive\Desktop\final\Modules\PhishManager.cs(35,40): warning CS8600: ╨Я╤А╨╡╨╛╨▒╤А╨░╨╖╨╛╨▓╨░╨╜╨╕╨╡ ╨╗╨╕╤В╨╡╤А╨░╨╗╨░, ╨┤╨╛╨┐╤Г╤Б╨║╨░╤О╤Й╨╡╨│╨╛ ╨╖╨╜╨░╤З╨╡╨╜╨╕╨╡ NULL ╨╕╨╗╨╕ ╨▓╨╛╨╖╨╝╨╛╨╢╨╜╨╛╨│╨╛ ╨╖╨╜╨░╤З╨╡╨╜╨╕╤П NULL ╨▓ ╤В╨╕╨┐, ╨╜╨╡ ╨┤╨╛╨┐╤Г╤Б╨║╨░╤О╤Й╨╕╨╣ ╨╖╨╜╨░╤З╨╡╨╜╨╕╨╡ NULL. [C:\Users\zxc23\OneDrive\Desktop\final\FinalBot.csproj]
C:\Users\zxc23\OneDrive\Desktop\final\Modules\PhishManager.cs(37,48): warning CS8603: ╨Т╨╛╨╖╨╝╨╛╨╢╨╜╨╛, ╨▓╨╛╨╖╨▓╤А╨░╤В ╤Б╤Б╤Л╨╗╨║╨╕, ╨┤╨╛╨┐╤Г╤Б╨║╨░╤О╤Й╨╡╨╣ ╨╖╨╜╨░╤З╨╡╨╜╨╕╨╡ NULL. [C:\Users\zxc23\OneDrive\Desktop\final\FinalBot.csproj]
C:\Users\zxc23\OneDrive\Desktop\final\Modules\PhishManager.cs(62,24): warning CS8603: ╨Т╨╛╨╖╨╝╨╛╨╢╨╜╨╛, ╨▓╨╛╨╖╨▓╤А╨░╤В ╤Б╤Б╤Л╨╗╨║╨╕, ╨┤╨╛╨┐╤Г╤Б╨║╨░╤О╤Й╨╡╨╣ ╨╖╨╜╨░╤З╨╡╨╜╨╕╨╡ NULL. [C:\Users\zxc23\OneDrive\Desktop\final\FinalBot.csproj]
C:\Users\zxc23\OneDrive\Desktop\final\defense\SafetyManager.cs(258,66): warning CS8625: ╨Ы╨╕╤В╨╡╤А╨░╨╗, ╤А╨░╨▓╨╜╤Л╨╣ NULL, ╨╜╨╡ ╨╝╨╛╨╢╨╡╤В ╨▒╤Л╤В╤М ╨┐╤А╨╡╨╛╨▒╤А╨░╨╖╨╛╨▓╨░╨╜ ╨▓ ╤Б╤Б╤Л╨╗╨╛╤З╨╜╤Л╨╣ ╤В╨╕╨┐, ╨╜╨╡ ╨┤╨╛╨┐╤Г╤Б╨║╨░╤О╤Й╨╕╨╣ ╨╖╨╜╨░╤З╨╡╨╜╨╕╨╡ NULL. [C:\Users\zxc23\OneDrive\Desktop\final\FinalBot.csproj]
C:\Users\zxc23\OneDrive\Desktop\final\defense\SafetyManager.cs(258,88): warning CS8603: ╨Т╨╛╨╖╨╝╨╛╨╢╨╜╨╛, ╨▓╨╛╨╖╨▓╤А╨░╤В ╤Б╤Б╤Л╨╗╨║╨╕, ╨┤╨╛╨┐╤Г╤Б╨║╨░╤О╤Й╨╡╨╣ ╨╖╨╜╨░╤З╨╡╨╜╨╕╨╡ NULL. [C:\Users\zxc23\OneDrive\Desktop\final\FinalBot.csproj]
C:\Users\zxc23\OneDrive\Desktop\final\defense\SafetyManager.cs(259,129): warning CS8603: ╨Т╨╛╨╖╨╝╨╛╨╢╨╜╨╛, ╨▓╨╛╨╖╨▓╤А╨░╤В ╤Б╤Б╤Л╨╗╨║╨╕, ╨┤╨╛╨┐╤Г╤Б╨║╨░╤О╤Й╨╡╨╣ ╨╖╨╜╨░╤З╨╡╨╜╨╕╨╡ NULL. [C:\Users\zxc23\OneDrive\Desktop\final\FinalBot.csproj]
C:\Users\zxc23\OneDrive\Desktop\final\defense\SafetyManager.cs(260,113): warning CS8603: ╨Т╨╛╨╖╨╝╨╛╨╢╨╜╨╛, ╨▓╨╛╨╖╨▓╤А╨░╤В ╤Б╤Б╤Л╨╗╨║╨╕, ╨┤╨╛╨┐╤Г╤Б╨║╨░╤О╤Й╨╡╨╣ ╨╖╨╜╨░╤З╨╡╨╜╨╕╨╡ NULL. [C:\Users\zxc23\OneDrive\Desktop\final\FinalBot.csproj]
C:\Users\zxc23\OneDrive\Desktop\final\defense\SafetyManager.cs(267,96): warning CS8625: ╨Ы╨╕╤В╨╡╤А╨░╨╗, ╤А╨░╨▓╨╜╤Л╨╣ NULL, ╨╜╨╡ ╨╝╨╛╨╢╨╡╤В ╨▒╤Л╤В╤М ╨┐╤А╨╡╨╛╨▒╤А╨░╨╖╨╛╨▓╨░╨╜ ╨▓ ╤Б╤Б╤Л╨╗╨╛╤З╨╜╤Л╨╣ ╤В╨╕╨┐, ╨╜╨╡ ╨┤╨╛╨┐╤Г╤Б╨║╨░╤О╤Й╨╕╨╣ ╨╖╨╜╨░╤З╨╡╨╜╨╕╨╡ NULL. [C:\Users\zxc23\OneDrive\Desktop\final\FinalBot.csproj]
C:\Users\zxc23\OneDrive\Desktop\final\defense\SafetyManager.cs(269,24): warning CS8603: ╨Т╨╛╨╖╨╝╨╛╨╢╨╜╨╛, ╨▓╨╛╨╖╨▓╤А╨░╤В ╤Б╤Б╤Л╨╗╨║╨╕, ╨┤╨╛╨┐╤Г╤Б╨║╨░╤О╤Й╨╡╨╣ ╨╖╨╜╨░╤З╨╡╨╜╨╕╨╡ NULL. [C:\Users\zxc23\OneDrive\Desktop\final\FinalBot.csproj]
C:\Users\zxc23\OneDrive\Desktop\final\defense\SafetyManager.cs(105,53): warning CS8603: ╨Т╨╛╨╖╨╝╨╛╨╢╨╜╨╛, ╨▓╨╛╨╖╨▓╤А╨░╤В ╤Б╤Б╤Л╨╗╨║╨╕, ╨┤╨╛╨┐╤Г╤Б╨║╨░╤О╤Й╨╡╨╣ ╨╖╨╜╨░╤З╨╡╨╜╨╕╨╡ NULL. [C:\Users\zxc23\OneDrive\Desktop\final\FinalBot.csproj]
C:\Users\zxc23\OneDrive\Desktop\final\Stealers\WalletStealer.cs(49,51): warning CS8604: ╨Т╨╛╨╖╨╝╨╛╨╢╨╜╨╛, ╨░╤А╨│╤Г╨╝╨╡╨╜╤В-╤Б╤Б╤Л╨╗╨║╨░, ╨┤╨╛╨┐╤Г╤Б╨║╨░╤О╤Й╨╕╨╣ ╨╖╨╜╨░╤З╨╡╨╜╨╕╨╡ NULL, ╨┤╨╗╤П ╨┐╨░╤А╨░╨╝╨╡╤В╤А╨░ "path" ╨▓ "DirectoryInfo Directory.CreateDirectory(string path)". [C:\Users\zxc23\OneDrive\Desktop\final\FinalBot.csproj]
C:\Users\zxc23\OneDrive\Desktop\final\defense\launcher.cs(333,37): warning SYSLIB0014: "WebClient.WebClient()" ╤П╨▓╨╗╤П╨╡╤В╤Б╤П ╤Г╤Б╤В╨░╤А╨╡╨▓╤И╨╕╨╝: 'WebRequest, HttpWebRequest, ServicePoint, and WebClient are obsolete. Use HttpClient instead.' (https://aka.ms/dotnet-warnings/SYSLIB0014) [C:\Users\zxc23\OneDrive\Desktop\final\FinalBot.csproj]
C:\Users\zxc23\OneDrive\Desktop\final\defense\ElevationService.cs(312,42): warning CS8600: ╨Я╤А╨╡╨╛╨▒╤А╨░╨╖╨╛╨▓╨░╨╜╨╕╨╡ ╨╗╨╕╤В╨╡╤А╨░╨╗╨░, ╨┤╨╛╨┐╤Г╤Б╨║╨░╤О╤Й╨╡╨│╨╛ ╨╖╨╜╨░╤З╨╡╨╜╨╕╨╡ NULL ╨╕╨╗╨╕ ╨▓╨╛╨╖╨╝╨╛╨╢╨╜╨╛╨│╨╛ ╨╖╨╜╨░╤З╨╡╨╜╨╕╤П NULL ╨▓ ╤В╨╕╨┐, ╨╜╨╡ ╨┤╨╛╨┐╤Г╤Б╨║╨░╤О╤Й╨╕╨╣ ╨╖╨╜╨░╤З╨╡╨╜╨╕╨╡ NULL. [C:\Users\zxc23\OneDrive\Desktop\final\FinalBot.csproj]
C:\Users\zxc23\OneDrive\Desktop\final\defense\ElevationService.cs(330,29): warning CS8600: ╨Я╤А╨╡╨╛╨▒╤А╨░╨╖╨╛╨▓╨░╨╜╨╕╨╡ ╨╗╨╕╤В╨╡╤А╨░╨╗╨░, ╨┤╨╛╨┐╤Г╤Б╨║╨░╤О╤Й╨╡╨│╨╛ ╨╖╨╜╨░╤З╨╡╨╜╨╕╨╡ NULL ╨╕╨╗╨╕ ╨▓╨╛╨╖╨╝╨╛╨╢╨╜╨╛╨│╨╛ ╨╖╨╜╨░╤З╨╡╨╜╨╕╤П NULL ╨▓ ╤В╨╕╨┐, ╨╜╨╡ ╨┤╨╛╨┐╤Г╤Б╨║╨░╤О╤Й╨╕╨╣ ╨╖╨╜╨░╤З╨╡╨╜╨╕╨╡ NULL. [C:\Users\zxc23\OneDrive\Desktop\final\FinalBot.csproj]
C:\Users\zxc23\OneDrive\Desktop\final\defense\ElevationService.cs(331,17): warning CS8602: ╨а╨░╨╖╤Л╨╝╨╡╨╜╨╛╨▓╨░╨╜╨╕╨╡ ╨▓╨╡╤А╨╛╤П╤В╨╜╨╛╨╣ ╨┐╤Г╤Б╤В╨╛╨╣ ╤Б╤Б╤Л╨╗╨║╨╕. [C:\Users\zxc23\OneDrive\Desktop\final\FinalBot.csproj]
C:\Users\zxc23\OneDrive\Desktop\final\defense\ElevationService.cs(335,42): warning CS8600: ╨Я╤А╨╡╨╛╨▒╤А╨░╨╖╨╛╨▓╨░╨╜╨╕╨╡ ╨╗╨╕╤В╨╡╤А╨░╨╗╨░, ╨┤╨╛╨┐╤Г╤Б╨║╨░╤О╤Й╨╡╨│╨╛ ╨╖╨╜╨░╤З╨╡╨╜╨╕╨╡ NULL ╨╕╨╗╨╕ ╨▓╨╛╨╖╨╝╨╛╨╢╨╜╨╛╨│╨╛ ╨╖╨╜╨░╤З╨╡╨╜╨╕╤П NULL ╨▓ ╤В╨╕╨┐, ╨╜╨╡ ╨┤╨╛╨┐╤Г╤Б╨║╨░╤О╤Й╨╕╨╣ ╨╖╨╜╨░╤З╨╡╨╜╨╕╨╡ NULL. [C:\Users\zxc23\OneDrive\Desktop\final\FinalBot.csproj]
C:\Users\zxc23\OneDrive\Desktop\final\defense\ElevationService.cs(377,29): warning CS8600: ╨Я╤А╨╡╨╛╨▒╤А╨░╨╖╨╛╨▓╨░╨╜╨╕╨╡ ╨╗╨╕╤В╨╡╤А╨░╨╗╨░, ╨┤╨╛╨┐╤Г╤Б╨║╨░╤О╤Й╨╡╨│╨╛ ╨╖╨╜╨░╤З╨╡╨╜╨╕╨╡ NULL ╨╕╨╗╨╕ ╨▓╨╛╨╖╨╝╨╛╨╢╨╜╨╛╨│╨╛ ╨╖╨╜╨░╤З╨╡╨╜╨╕╤П NULL ╨▓ ╤В╨╕╨┐, ╨╜╨╡ ╨┤╨╛╨┐╤Г╤Б╨║╨░╤О╤Й╨╕╨╣ ╨╖╨╜╨░╤З╨╡╨╜╨╕╨╡ NULL. [C:\Users\zxc23\OneDrive\Desktop\final\FinalBot.csproj]
C:\Users\zxc23\OneDrive\Desktop\final\defense\launcher.cs(364,28): warning CS8603: ╨Т╨╛╨╖╨╝╨╛╨╢╨╜╨╛, ╨▓╨╛╨╖╨▓╤А╨░╤В ╤Б╤Б╤Л╨╗╨║╨╕, ╨┤╨╛╨┐╤Г╤Б╨║╨░╤О╤Й╨╡╨╣ ╨╖╨╜╨░╤З╨╡╨╜╨╕╨╡ NULL. [C:\Users\zxc23\OneDrive\Desktop\final\FinalBot.csproj]
C:\Users\zxc23\OneDrive\Desktop\final\defense\launcher.cs(379,24): warning CS8603: ╨Т╨╛╨╖╨╝╨╛╨╢╨╜╨╛, ╨▓╨╛╨╖╨▓╤А╨░╤В ╤Б╤Б╤Л╨╗╨║╨╕, ╨┤╨╛╨┐╤Г╤Б╨║╨░╤О╤Й╨╡╨╣ ╨╖╨╜╨░╤З╨╡╨╜╨╕╨╡ NULL. [C:\Users\zxc23\OneDrive\Desktop\final\FinalBot.csproj]
C:\Users\zxc23\OneDrive\Desktop\final\defense\launcher.cs(393,31): warning CS8600: ╨Я╤А╨╡╨╛╨▒╤А╨░╨╖╨╛╨▓╨░╨╜╨╕╨╡ ╨╗╨╕╤В╨╡╤А╨░╨╗╨░, ╨┤╨╛╨┐╤Г╤Б╨║╨░╤О╤Й╨╡╨│╨╛ ╨╖╨╜╨░╤З╨╡╨╜╨╕╨╡ NULL ╨╕╨╗╨╕ ╨▓╨╛╨╖╨╝╨╛╨╢╨╜╨╛╨│╨╛ ╨╖╨╜╨░╤З╨╡╨╜╨╕╤П NULL ╨▓ ╤В╨╕╨┐, ╨╜╨╡ ╨┤╨╛╨┐╤Г╤Б╨║╨░╤О╤Й╨╕╨╣ ╨╖╨╜╨░╤З╨╡╨╜╨╕╨╡ NULL. [C:\Users\zxc23\OneDrive\Desktop\final\FinalBot.csproj]
C:\Users\zxc23\OneDrive\Desktop\final\defense\persist.cs(434,38): warning CS8600: ╨Я╤А╨╡╨╛╨▒╤А╨░╨╖╨╛╨▓╨░╨╜╨╕╨╡ ╨╗╨╕╤В╨╡╤А╨░╨╗╨░, ╨┤╨╛╨┐╤Г╤Б╨║╨░╤О╤Й╨╡╨│╨╛ ╨╖╨╜╨░╤З╨╡╨╜╨╕╨╡ NULL ╨╕╨╗╨╕ ╨▓╨╛╨╖╨╝╨╛╨╢╨╜╨╛╨│╨╛ ╨╖╨╜╨░╤З╨╡╨╜╨╕╤П NULL ╨▓ ╤В╨╕╨┐, ╨╜╨╡ ╨┤╨╛╨┐╤Г╤Б╨║╨░╤О╤Й╨╕╨╣ ╨╖╨╜╨░╤З╨╡╨╜╨╕╨╡ NULL. [C:\Users\zxc23\OneDrive\Desktop\final\FinalBot.csproj]
C:\Users\zxc23\OneDrive\Desktop\final\defense\SafetyManager.cs(128,28): warning SYSLIB0021: "AesManaged" ╤П╨▓╨╗╤П╨╡╤В╤Б╤П ╤Г╤Б╤В╨░╤А╨╡╨▓╤И╨╕╨╝: 'Derived cryptographic types are obsolete. Use the Create method on the base type instead.' (https://aka.ms/dotnet-warnings/SYSLIB0021) [C:\Users\zxc23\OneDrive\Desktop\final\FinalBot.csproj]
C:\Users\zxc23\OneDrive\Desktop\final\defense\SafetyManager.cs(128,49): warning SYSLIB0021: "AesManaged" ╤П╨▓╨╗╤П╨╡╤В╤Б╤П ╤Г╤Б╤В╨░╤А╨╡╨▓╤И╨╕╨╝: 'Derived cryptographic types are obsolete. Use the Create method on the base type instead.' (https://aka.ms/dotnet-warnings/SYSLIB0021) [C:\Users\zxc23\OneDrive\Desktop\final\FinalBot.csproj]
C:\Users\zxc23\OneDrive\Desktop\final\Modules\ScreenshotModule.cs(57,24): warning CS8603: ╨Т╨╛╨╖╨╝╨╛╨╢╨╜╨╛, ╨▓╨╛╨╖╨▓╤А╨░╤В ╤Б╤Б╤Л╨╗╨║╨╕, ╨┤╨╛╨┐╤Г╤Б╨║╨░╤О╤Й╨╡╨╣ ╨╖╨╜╨░╤З╨╡╨╜╨╕╨╡ NULL. [C:\Users\zxc23\OneDrive\Desktop\final\FinalBot.csproj]
C:\Users\zxc23\OneDrive\Desktop\final\Stealers\BrowserStealer.cs(98,49): warning CS8603: ╨Т╨╛╨╖╨╝╨╛╨╢╨╜╨╛, ╨▓╨╛╨╖╨▓╤А╨░╤В ╤Б╤Б╤Л╨╗╨║╨╕, ╨┤╨╛╨┐╤Г╤Б╨║╨░╤О╤Й╨╡╨╣ ╨╖╨╜╨░╤З╨╡╨╜╨╕╨╡ NULL. [C:\Users\zxc23\OneDrive\Desktop\final\FinalBot.csproj]
C:\Users\zxc23\OneDrive\Desktop\final\Stealers\BrowserStealer.cs(104,39): warning CS8600: ╨Я╤А╨╡╨╛╨▒╤А╨░╨╖╨╛╨▓╨░╨╜╨╕╨╡ ╨╗╨╕╤В╨╡╤А╨░╨╗╨░, ╨┤╨╛╨┐╤Г╤Б╨║╨░╤О╤Й╨╡╨│╨╛ ╨╖╨╜╨░╤З╨╡╨╜╨╕╨╡ NULL ╨╕╨╗╨╕ ╨▓╨╛╨╖╨╝╨╛╨╢╨╜╨╛╨│╨╛ ╨╖╨╜╨░╤З╨╡╨╜╨╕╤П NULL ╨▓ ╤В╨╕╨┐, ╨╜╨╡ ╨┤╨╛╨┐╤Г╤Б╨║╨░╤О╤Й╨╕╨╣ ╨╖╨╜╨░╤З╨╡╨╜╨╕╨╡ NULL. [C:\Users\zxc23\OneDrive\Desktop\final\FinalBot.csproj]
C:\Users\zxc23\OneDrive\Desktop\final\Stealers\BrowserStealer.cs(105,64): warning CS8603: ╨Т╨╛╨╖╨╝╨╛╨╢╨╜╨╛, ╨▓╨╛╨╖╨▓╤А╨░╤В ╤Б╤Б╤Л╨╗╨║╨╕, ╨┤╨╛╨┐╤Г╤Б╨║╨░╤О╤Й╨╡╨╣ ╨╖╨╜╨░╤З╨╡╨╜╨╕╨╡ NULL. [C:\Users\zxc23\OneDrive\Desktop\final\FinalBot.csproj]
C:\Users\zxc23\OneDrive\Desktop\final\Stealers\BrowserStealer.cs(125,24): warning CS8603: ╨Т╨╛╨╖╨╝╨╛╨╢╨╜╨╛, ╨▓╨╛╨╖╨▓╤А╨░╤В ╤Б╤Б╤Л╨╗╨║╨╕, ╨┤╨╛╨┐╤Г╤Б╨║╨░╤О╤Й╨╡╨╣ ╨╖╨╜╨░╤З╨╡╨╜╨╕╨╡ NULL. [C:\Users\zxc23\OneDrive\Desktop\final\FinalBot.csproj]
C:\Users\zxc23\OneDrive\Desktop\final\Stealers\BrowserStealer.cs(142,43): warning CS8600: ╨Я╤А╨╡╨╛╨▒╤А╨░╨╖╨╛╨▓╨░╨╜╨╕╨╡ ╨╗╨╕╤В╨╡╤А╨░╨╗╨░, ╨┤╨╛╨┐╤Г╤Б╨║╨░╤О╤Й╨╡╨│╨╛ ╨╖╨╜╨░╤З╨╡╨╜╨╕╨╡ NULL ╨╕╨╗╨╕ ╨▓╨╛╨╖╨╝╨╛╨╢╨╜╨╛╨│╨╛ ╨╖╨╜╨░╤З╨╡╨╜╨╕╤П NULL ╨▓ ╤В╨╕╨┐, ╨╜╨╡ ╨┤╨╛╨┐╤Г╤Б╨║╨░╤О╤Й╨╕╨╣ ╨╖╨╜╨░╤З╨╡╨╜╨╕╨╡ NULL. [C:\Users\zxc23\OneDrive\Desktop\final\FinalBot.csproj]
C:\Users\zxc23\OneDrive\Desktop\final\Stealers\BrowserStealer.cs(146,32): warning CS8603: ╨Т╨╛╨╖╨╝╨╛╨╢╨╜╨╛, ╨▓╨╛╨╖╨▓╤А╨░╤В ╤Б╤Б╤Л╨╗╨║╨╕, ╨┤╨╛╨┐╤Г╤Б╨║╨░╤О╤Й╨╡╨╣ ╨╖╨╜╨░╤З╨╡╨╜╨╕╨╡ NULL. [C:\Users\zxc23\OneDrive\Desktop\final\FinalBot.csproj]
C:\Users\zxc23\OneDrive\Desktop\final\Stealers\BrowserStealer.cs(184,20): warning CS8603: ╨Т╨╛╨╖╨╝╨╛╨╢╨╜╨╛, ╨▓╨╛╨╖╨▓╤А╨░╤В ╤Б╤Б╤Л╨╗╨║╨╕, ╨┤╨╛╨┐╤Г╤Б╨║╨░╤О╤Й╨╡╨╣ ╨╖╨╜╨░╤З╨╡╨╜╨╕╨╡ NULL. [C:\Users\zxc23\OneDrive\Desktop\final\FinalBot.csproj]
C:\Users\zxc23\OneDrive\Desktop\final\defense\SafetyManager.cs(363,46): warning CS8600: ╨Я╤А╨╡╨╛╨▒╤А╨░╨╖╨╛╨▓╨░╨╜╨╕╨╡ ╨╗╨╕╤В╨╡╤А╨░╨╗╨░, ╨┤╨╛╨┐╤Г╤Б╨║╨░╤О╤Й╨╡╨│╨╛ ╨╖╨╜╨░╤З╨╡╨╜╨╕╨╡ NULL ╨╕╨╗╨╕ ╨▓╨╛╨╖╨╝╨╛╨╢╨╜╨╛╨│╨╛ ╨╖╨╜╨░╤З╨╡╨╜╨╕╤П NULL ╨▓ ╤В╨╕╨┐, ╨╜╨╡ ╨┤╨╛╨┐╤Г╤Б╨║╨░╤О╤Й╨╕╨╣ ╨╖╨╜╨░╤З╨╡╨╜╨╕╨╡ NULL. [C:\Users\zxc23\OneDrive\Desktop\final\FinalBot.csproj]
C:\Users\zxc23\OneDrive\Desktop\final\defense\SafetyManager.cs(72,35): warning CS8618: ╨┐╨╛╨╗╨╡ "_masterKey", ╨╜╨╡ ╨┤╨╛╨┐╤Г╤Б╨║╨░╤О╤Й╨╕╨╣ ╨╖╨╜╨░╤З╨╡╨╜╨╕╤П NULL, ╨┤╨╛╨╗╨╢╨╡╨╜ ╤Б╨╛╨┤╨╡╤А╨╢╨░╤В╤М ╨╖╨╜╨░╤З╨╡╨╜╨╕╨╡, ╨╛╤В╨╗╨╕╤З╨╜╨╛╨╡ ╨╛╤В NULL, ╨┐╤А╨╕ ╨▓╤Л╤Е╨╛╨┤╨╡ ╨╕╨╖ ╨║╨╛╨╜╤Б╤В╤А╤Г╨║╤В╨╛╤А╨░. ╨а╨░╤Б╤Б╨╝╨╛╤В╤А╨╕╤В╨╡ ╨▓╨╛╨╖╨╝╨╛╨╢╨╜╨╛╤Б╤В╤М ╨┤╨╛╨▒╨░╨▓╨╗╨╡╨╜╨╕╤П ╨╝╨╛╨┤╨╕╤Д╨╕╨║╨░╤В╨╛╤А╨░ "required" ╨╕╨╗╨╕ ╨╛╨▒╤К╤П╨▓╨╗╨╡╨╜╨╕╤П ╨╖╨╜╨░╤З╨╡╨╜╨╕╤П ╨┐╨╛╨╗╨╡, ╨┤╨╛╨┐╤Г╤Б╨║╨░╤О╤Й╨╡╨│╨╛ ╨╖╨╜╨░╤З╨╡╨╜╨╕╨╡ NULL. [C:\Users\zxc23\OneDrive\Desktop\final\FinalBot.csproj]
C:\Users\zxc23\OneDrive\Desktop\final\defense\SafetyManager.cs(73,35): warning CS8618: ╨┐╨╛╨╗╨╡ "_machineSalt", ╨╜╨╡ ╨┤╨╛╨┐╤Г╤Б╨║╨░╤О╤Й╨╕╨╣ ╨╖╨╜╨░╤З╨╡╨╜╨╕╤П NULL, ╨┤╨╛╨╗╨╢╨╡╨╜ ╤Б╨╛╨┤╨╡╤А╨╢╨░╤В╤М ╨╖╨╜╨░╤З╨╡╨╜╨╕╨╡, ╨╛╤В╨╗╨╕╤З╨╜╨╛╨╡ ╨╛╤В NULL, ╨┐╤А╨╕ ╨▓╤Л╤Е╨╛╨┤╨╡ ╨╕╨╖ ╨║╨╛╨╜╤Б╤В╤А╤Г╨║╤В╨╛╤А╨░. ╨а╨░╤Б╤Б╨╝╨╛╤В╤А╨╕╤В╨╡ ╨▓╨╛╨╖╨╝╨╛╨╢╨╜╨╛╤Б╤В╤М ╨┤╨╛╨▒╨░╨▓╨╗╨╡╨╜╨╕╤П ╨╝╨╛╨┤╨╕╤Д╨╕╨║╨░╤В╨╛╤А╨░ "required" ╨╕╨╗╨╕ ╨╛╨▒╤К╤П╨▓╨╗╨╡╨╜╨╕╤П ╨╖╨╜╨░╤З╨╡╨╜╨╕╤П ╨┐╨╛╨╗╨╡, ╨┤╨╛╨┐╤Г╤Б╨║╨░╤О╤Й╨╡╨│╨╛ ╨╖╨╜╨░╤З╨╡╨╜╨╕╨╡ NULL. [C:\Users\zxc23\OneDrive\Desktop\final\FinalBot.csproj]
C:\Users\zxc23\OneDrive\Desktop\final\defense\ElevationService.cs(483,72): warning CS8625: ╨Ы╨╕╤В╨╡╤А╨░╨╗, ╤А╨░╨▓╨╜╤Л╨╣ NULL, ╨╜╨╡ ╨╝╨╛╨╢╨╡╤В ╨▒╤Л╤В╤М ╨┐╤А╨╡╨╛╨▒╤А╨░╨╖╨╛╨▓╨░╨╜ ╨▓ ╤Б╤Б╤Л╨╗╨╛╤З╨╜╤Л╨╣ ╤В╨╕╨┐, ╨╜╨╡ ╨┤╨╛╨┐╤Г╤Б╨║╨░╤О╤Й╨╕╨╣ ╨╖╨╜╨░╤З╨╡╨╜╨╕╨╡ NULL. [C:\Users\zxc23\OneDrive\Desktop\final\FinalBot.csproj]
C:\Users\zxc23\OneDrive\Desktop\final\defense\ElevationService.cs(483,156): warning CS8625: ╨Ы╨╕╤В╨╡╤А╨░╨╗, ╤А╨░╨▓╨╜╤Л╨╣ NULL, ╨╜╨╡ ╨╝╨╛╨╢╨╡╤В ╨▒╤Л╤В╤М ╨┐╤А╨╡╨╛╨▒╤А╨░╨╖╨╛╨▓╨░╨╜ ╨▓ ╤Б╤Б╤Л╨╗╨╛╤З╨╜╤Л╨╣ ╤В╨╕╨┐, ╨╜╨╡ ╨┤╨╛╨┐╤Г╤Б╨║╨░╤О╤Й╨╕╨╣ ╨╖╨╜╨░╤З╨╡╨╜╨╕╨╡ NULL. [C:\Users\zxc23\OneDrive\Desktop\final\FinalBot.csproj]
C:\Users\zxc23\OneDrive\Desktop\final\defense\SafetyManager.cs(673,28): warning CS8603: ╨Т╨╛╨╖╨╝╨╛╨╢╨╜╨╛, ╨▓╨╛╨╖╨▓╤А╨░╤В ╤Б╤Б╤Л╨╗╨║╨╕, ╨┤╨╛╨┐╤Г╤Б╨║╨░╤О╤Й╨╡╨╣ ╨╖╨╜╨░╤З╨╡╨╜╨╕╨╡ NULL. [C:\Users\zxc23\OneDrive\Desktop\final\FinalBot.csproj]
C:\Users\zxc23\OneDrive\Desktop\final\defense\SafetyManager.cs(680,48): warning CS8625: ╨Ы╨╕╤В╨╡╤А╨░╨╗, ╤А╨░╨▓╨╜╤Л╨╣ NULL, ╨╜╨╡ ╨╝╨╛╨╢╨╡╤В ╨▒╤Л╤В╤М ╨┐╤А╨╡╨╛╨▒╤А╨░╨╖╨╛╨▓╨░╨╜ ╨▓ ╤Б╤Б╤Л╨╗╨╛╤З╨╜╤Л╨╣ ╤В╨╕╨┐, ╨╜╨╡ ╨┤╨╛╨┐╤Г╤Б╨║╨░╤О╤Й╨╕╨╣ ╨╖╨╜╨░╤З╨╡╨╜╨╕╨╡ NULL. [C:\Users\zxc23\OneDrive\Desktop\final\FinalBot.csproj]
C:\Users\zxc23\OneDrive\Desktop\final\Modules\SystemInfoModule.cs(58,49): warning CS8603: ╨Т╨╛╨╖╨╝╨╛╨╢╨╜╨╛, ╨▓╨╛╨╖╨▓╤А╨░╤В ╤Б╤Б╤Л╨╗╨║╨╕, ╨┤╨╛╨┐╤Г╤Б╨║╨░╤О╤Й╨╡╨╣ ╨╖╨╜╨░╤З╨╡╨╜╨╕╨╡ NULL. [C:\Users\zxc23\OneDrive\Desktop\final\FinalBot.csproj]
C:\Users\zxc23\OneDrive\Desktop\final\defense\persist.cs(498,40): warning CS8600: ╨Я╤А╨╡╨╛╨▒╤А╨░╨╖╨╛╨▓╨░╨╜╨╕╨╡ ╨╗╨╕╤В╨╡╤А╨░╨╗╨░, ╨┤╨╛╨┐╤Г╤Б╨║╨░╤О╤Й╨╡╨│╨╛ ╨╖╨╜╨░╤З╨╡╨╜╨╕╨╡ NULL ╨╕╨╗╨╕ ╨▓╨╛╨╖╨╝╨╛╨╢╨╜╨╛╨│╨╛ ╨╖╨╜╨░╤З╨╡╨╜╨╕╤П NULL ╨▓ ╤В╨╕╨┐, ╨╜╨╡ ╨┤╨╛╨┐╤Г╤Б╨║╨░╤О╤Й╨╕╨╣ ╨╖╨╜╨░╤З╨╡╨╜╨╕╨╡ NULL. [C:\Users\zxc23\OneDrive\Desktop\final\FinalBot.csproj]
C:\Users\zxc23\OneDrive\Desktop\final\defense\persist.cs(503,38): warning CS8600: ╨Я╤А╨╡╨╛╨▒╤А╨░╨╖╨╛╨▓╨░╨╜╨╕╨╡ ╨╗╨╕╤В╨╡╤А╨░╨╗╨░, ╨┤╨╛╨┐╤Г╤Б╨║╨░╤О╤Й╨╡╨│╨╛ ╨╖╨╜╨░╤З╨╡╨╜╨╕╨╡ NULL ╨╕╨╗╨╕ ╨▓╨╛╨╖╨╝╨╛╨╢╨╜╨╛╨│╨╛ ╨╖╨╜╨░╤З╨╡╨╜╨╕╤П NULL ╨▓ ╤В╨╕╨┐, ╨╜╨╡ ╨┤╨╛╨┐╤Г╤Б╨║╨░╤О╤Й╨╕╨╣ ╨╖╨╜╨░╤З╨╡╨╜╨╕╨╡ NULL. [C:\Users\zxc23\OneDrive\Desktop\final\FinalBot.csproj]
C:\Users\zxc23\OneDrive\Desktop\final\defense\persist.cs(504,42): warning CS8600: ╨Я╤А╨╡╨╛╨▒╤А╨░╨╖╨╛╨▓╨░╨╜╨╕╨╡ ╨╗╨╕╤В╨╡╤А╨░╨╗╨░, ╨┤╨╛╨┐╤Г╤Б╨║╨░╤О╤Й╨╡╨│╨╛ ╨╖╨╜╨░╤З╨╡╨╜╨╕╨╡ NULL ╨╕╨╗╨╕ ╨▓╨╛╨╖╨╝╨╛╨╢╨╜╨╛╨│╨╛ ╨╖╨╜╨░╤З╨╡╨╜╨╕╤П NULL ╨▓ ╤В╨╕╨┐, ╨╜╨╡ ╨┤╨╛╨┐╤Г╤Б╨║╨░╤О╤Й╨╕╨╣ ╨╖╨╜╨░╤З╨╡╨╜╨╕╨╡ NULL. [C:\Users\zxc23\OneDrive\Desktop\final\FinalBot.csproj]
C:\Users\zxc23\OneDrive\Desktop\final\Modules\SystemInfoModule.cs(90,49): warning CS8602: ╨а╨░╨╖╤Л╨╝╨╡╨╜╨╛╨▓╨░╨╜╨╕╨╡ ╨▓╨╡╤А╨╛╤П╤В╨╜╨╛╨╣ ╨┐╤Г╤Б╤В╨╛╨╣ ╤Б╤Б╤Л╨╗╨║╨╕. [C:\Users\zxc23\OneDrive\Desktop\final\FinalBot.csproj]
C:\Users\zxc23\OneDrive\Desktop\final\Stealers\BrowserStealer.cs(253,28): warning CS8603: ╨Т╨╛╨╖╨╝╨╛╨╢╨╜╨╛, ╨▓╨╛╨╖╨▓╤А╨░╤В ╤Б╤Б╤Л╨╗╨║╨╕, ╨┤╨╛╨┐╤Г╤Б╨║╨░╤О╤Й╨╡╨╣ ╨╖╨╜╨░╤З╨╡╨╜╨╕╨╡ NULL. [C:\Users\zxc23\OneDrive\Desktop\final\FinalBot.csproj]
C:\Users\zxc23\OneDrive\Desktop\final\defense\persist.cs(567,40): warning CS8600: ╨Я╤А╨╡╨╛╨▒╤А╨░╨╖╨╛╨▓╨░╨╜╨╕╨╡ ╨╗╨╕╤В╨╡╤А╨░╨╗╨░, ╨┤╨╛╨┐╤Г╤Б╨║╨░╤О╤Й╨╡╨│╨╛ ╨╖╨╜╨░╤З╨╡╨╜╨╕╨╡ NULL ╨╕╨╗╨╕ ╨▓╨╛╨╖╨╝╨╛╨╢╨╜╨╛╨│╨╛ ╨╖╨╜╨░╤З╨╡╨╜╨╕╤П NULL ╨▓ ╤В╨╕╨┐, ╨╜╨╡ ╨┤╨╛╨┐╤Г╤Б╨║╨░╤О╤Й╨╕╨╣ ╨╖╨╜╨░╤З╨╡╨╜╨╕╨╡ NULL. [C:\Users\zxc23\OneDrive\Desktop\final\FinalBot.csproj]
C:\Users\zxc23\OneDrive\Desktop\final\defense\persist.cs(569,43): warning CS8603: ╨Т╨╛╨╖╨╝╨╛╨╢╨╜╨╛, ╨▓╨╛╨╖╨▓╤А╨░╤В ╤Б╤Б╤Л╨╗╨║╨╕, ╨┤╨╛╨┐╤Г╤Б╨║╨░╤О╤Й╨╡╨╣ ╨╖╨╜╨░╤З╨╡╨╜╨╕╨╡ NULL. [C:\Users\zxc23\OneDrive\Desktop\final\FinalBot.csproj]
C:\Users\zxc23\OneDrive\Desktop\final\defense\persist.cs(571,40): warning CS8600: ╨Я╤А╨╡╨╛╨▒╤А╨░╨╖╨╛╨▓╨░╨╜╨╕╨╡ ╨╗╨╕╤В╨╡╤А╨░╨╗╨░, ╨┤╨╛╨┐╤Г╤Б╨║╨░╤О╤Й╨╡╨│╨╛ ╨╖╨╜╨░╤З╨╡╨╜╨╕╨╡ NULL ╨╕╨╗╨╕ ╨▓╨╛╨╖╨╝╨╛╨╢╨╜╨╛╨│╨╛ ╨╖╨╜╨░╤З╨╡╨╜╨╕╤П NULL ╨▓ ╤В╨╕╨┐, ╨╜╨╡ ╨┤╨╛╨┐╤Г╤Б╨║╨░╤О╤Й╨╕╨╣ ╨╖╨╜╨░╤З╨╡╨╜╨╕╨╡ NULL. [C:\Users\zxc23\OneDrive\Desktop\final\FinalBot.csproj]
C:\Users\zxc23\OneDrive\Desktop\final\defense\persist.cs(573,43): warning CS8603: ╨Т╨╛╨╖╨╝╨╛╨╢╨╜╨╛, ╨▓╨╛╨╖╨▓╤А╨░╤В ╤Б╤Б╤Л╨╗╨║╨╕, ╨┤╨╛╨┐╤Г╤Б╨║╨░╤О╤Й╨╡╨╣ ╨╖╨╜╨░╤З╨╡╨╜╨╕╨╡ NULL. [C:\Users\zxc23\OneDrive\Desktop\final\FinalBot.csproj]
C:\Users\zxc23\OneDrive\Desktop\final\defense\persist.cs(577,20): warning CS8603: ╨Т╨╛╨╖╨╝╨╛╨╢╨╜╨╛, ╨▓╨╛╨╖╨▓╤А╨░╤В ╤Б╤Б╤Л╨╗╨║╨╕, ╨┤╨╛╨┐╤Г╤Б╨║╨░╤О╤Й╨╡╨╣ ╨╖╨╜╨░╤З╨╡╨╜╨╕╨╡ NULL. [C:\Users\zxc23\OneDrive\Desktop\final\FinalBot.csproj]
C:\Users\zxc23\OneDrive\Desktop\final\defense\SafetyManager.cs(394,32): warning CS8603: ╨Т╨╛╨╖╨╝╨╛╨╢╨╜╨╛, ╨▓╨╛╨╖╨▓╤А╨░╤В ╤Б╤Б╤Л╨╗╨║╨╕, ╨┤╨╛╨┐╤Г╤Б╨║╨░╤О╤Й╨╡╨╣ ╨╖╨╜╨░╤З╨╡╨╜╨╕╨╡ NULL. [C:\Users\zxc23\OneDrive\Desktop\final\FinalBot.csproj]
C:\Users\zxc23\OneDrive\Desktop\final\defense\SafetyManager.cs(398,32): warning CS8603: ╨Т╨╛╨╖╨╝╨╛╨╢╨╜╨╛, ╨▓╨╛╨╖╨▓╤А╨░╤В ╤Б╤Б╤Л╨╗╨║╨╕, ╨┤╨╛╨┐╤Г╤Б╨║╨░╤О╤Й╨╡╨╣ ╨╖╨╜╨░╤З╨╡╨╜╨╕╨╡ NULL. [C:\Users\zxc23\OneDrive\Desktop\final\FinalBot.csproj]
C:\Users\zxc23\OneDrive\Desktop\final\defense\SafetyManager.cs(403,32): warning CS8603: ╨Т╨╛╨╖╨╝╨╛╨╢╨╜╨╛, ╨▓╨╛╨╖╨▓╤А╨░╤В ╤Б╤Б╤Л╨╗╨║╨╕, ╨┤╨╛╨┐╤Г╤Б╨║╨░╤О╤Й╨╡╨╣ ╨╖╨╜╨░╤З╨╡╨╜╨╕╨╡ NULL. [C:\Users\zxc23\OneDrive\Desktop\final\FinalBot.csproj]
C:\Users\zxc23\OneDrive\Desktop\final\defense\persist.cs(625,40): warning CS8600: ╨Я╤А╨╡╨╛╨▒╤А╨░╨╖╨╛╨▓╨░╨╜╨╕╨╡ ╨╗╨╕╤В╨╡╤А╨░╨╗╨░, ╨┤╨╛╨┐╤Г╤Б╨║╨░╤О╤Й╨╡╨│╨╛ ╨╖╨╜╨░╤З╨╡╨╜╨╕╨╡ NULL ╨╕╨╗╨╕ ╨▓╨╛╨╖╨╝╨╛╨╢╨╜╨╛╨│╨╛ ╨╖╨╜╨░╤З╨╡╨╜╨╕╤П NULL ╨▓ ╤В╨╕╨┐, ╨╜╨╡ ╨┤╨╛╨┐╤Г╤Б╨║╨░╤О╤Й╨╕╨╣ ╨╖╨╜╨░╤З╨╡╨╜╨╕╨╡ NULL. [C:\Users\zxc23\OneDrive\Desktop\final\FinalBot.csproj]
C:\Users\zxc23\OneDrive\Desktop\final\defense\persist.cs(632,40): warning CS8600: ╨Я╤А╨╡╨╛╨▒╤А╨░╨╖╨╛╨▓╨░╨╜╨╕╨╡ ╨╗╨╕╤В╨╡╤А╨░╨╗╨░, ╨┤╨╛╨┐╤Г╤Б╨║╨░╤О╤Й╨╡╨│╨╛ ╨╖╨╜╨░╤З╨╡╨╜╨╕╨╡ NULL ╨╕╨╗╨╕ ╨▓╨╛╨╖╨╝╨╛╨╢╨╜╨╛╨│╨╛ ╨╖╨╜╨░╤З╨╡╨╜╨╕╤П NULL ╨▓ ╤В╨╕╨┐, ╨╜╨╡ ╨┤╨╛╨┐╤Г╤Б╨║╨░╤О╤Й╨╕╨╣ ╨╖╨╜╨░╤З╨╡╨╜╨╕╨╡ NULL. [C:\Users\zxc23\OneDrive\Desktop\final\FinalBot.csproj]
C:\Users\zxc23\OneDrive\Desktop\final\defense\persist.cs(639,40): warning CS8600: ╨Я╤А╨╡╨╛╨▒╤А╨░╨╖╨╛╨▓╨░╨╜╨╕╨╡ ╨╗╨╕╤В╨╡╤А╨░╨╗╨░, ╨┤╨╛╨┐╤Г╤Б╨║╨░╤О╤Й╨╡╨│╨╛ ╨╖╨╜╨░╤З╨╡╨╜╨╕╨╡ NULL ╨╕╨╗╨╕ ╨▓╨╛╨╖╨╝╨╛╨╢╨╜╨╛╨│╨╛ ╨╖╨╜╨░╤З╨╡╨╜╨╕╤П NULL ╨▓ ╤В╨╕╨┐, ╨╜╨╡ ╨┤╨╛╨┐╤Г╤Б╨║╨░╤О╤Й╨╕╨╣ ╨╖╨╜╨░╤З╨╡╨╜╨╕╨╡ NULL. [C:\Users\zxc23\OneDrive\Desktop\final\FinalBot.csproj]
C:\Users\zxc23\OneDrive\Desktop\final\defense\persist.cs(645,40): warning CS8600: ╨Я╤А╨╡╨╛╨▒╤А╨░╨╖╨╛╨▓╨░╨╜╨╕╨╡ ╨╗╨╕╤В╨╡╤А╨░╨╗╨░, ╨┤╨╛╨┐╤Г╤Б╨║╨░╤О╤Й╨╡╨│╨╛ ╨╖╨╜╨░╤З╨╡╨╜╨╕╨╡ NULL ╨╕╨╗╨╕ ╨▓╨╛╨╖╨╝╨╛╨╢╨╜╨╛╨│╨╛ ╨╖╨╜╨░╤З╨╡╨╜╨╕╤П NULL ╨▓ ╤В╨╕╨┐, ╨╜╨╡ ╨┤╨╛╨┐╤Г╤Б╨║╨░╤О╤Й╨╕╨╣ ╨╖╨╜╨░╤З╨╡╨╜╨╕╨╡ NULL. [C:\Users\zxc23\OneDrive\Desktop\final\FinalBot.csproj]
C:\Users\zxc23\OneDrive\Desktop\final\defense\persist.cs(686,40): warning CS8600: ╨Я╤А╨╡╨╛╨▒╤А╨░╨╖╨╛╨▓╨░╨╜╨╕╨╡ ╨╗╨╕╤В╨╡╤А╨░╨╗╨░, ╨┤╨╛╨┐╤Г╤Б╨║╨░╤О╤Й╨╡╨│╨╛ ╨╖╨╜╨░╤З╨╡╨╜╨╕╨╡ NULL ╨╕╨╗╨╕ ╨▓╨╛╨╖╨╝╨╛╨╢╨╜╨╛╨│╨╛ ╨╖╨╜╨░╤З╨╡╨╜╨╕╤П NULL ╨▓ ╤В╨╕╨┐, ╨╜╨╡ ╨┤╨╛╨┐╤Г╤Б╨║╨░╤О╤Й╨╕╨╣ ╨╖╨╜╨░╤З╨╡╨╜╨╕╨╡ NULL. [C:\Users\zxc23\OneDrive\Desktop\final\FinalBot.csproj]
C:\Users\zxc23\OneDrive\Desktop\final\defense\persist.cs(708,37): warning CS8602: ╨а╨░╨╖╤Л╨╝╨╡╨╜╨╛╨▓╨░╨╜╨╕╨╡ ╨▓╨╡╤А╨╛╤П╤В╨╜╨╛╨╣ ╨┐╤Г╤Б╤В╨╛╨╣ ╤Б╤Б╤Л╨╗╨║╨╕. [C:\Users\zxc23\OneDrive\Desktop\final\FinalBot.csproj]
C:\Users\zxc23\OneDrive\Desktop\final\Stealers\DiscordStealer.cs(71,45): warning CS8604: ╨Т╨╛╨╖╨╝╨╛╨╢╨╜╨╛, ╨░╤А╨│╤Г╨╝╨╡╨╜╤В-╤Б╤Б╤Л╨╗╨║╨░, ╨┤╨╛╨┐╤Г╤Б╨║╨░╤О╤Й╨╕╨╣ ╨╖╨╜╨░╤З╨╡╨╜╨╕╨╡ NULL, ╨┤╨╗╤П ╨┐╨░╤А╨░╨╝╨╡╤В╤А╨░ "value" ╨▓ "JToken.explicit operator int(JToken value)". [C:\Users\zxc23\OneDrive\Desktop\final\FinalBot.csproj]
C:\Users\zxc23\OneDrive\Desktop\final\Stealers\DiscordStealer.cs(109,20): warning CS8603: ╨Т╨╛╨╖╨╝╨╛╨╢╨╜╨╛, ╨▓╨╛╨╖╨▓╤А╨░╤В ╤Б╤Б╤Л╨╗╨║╨╕, ╨┤╨╛╨┐╤Г╤Б╨║╨░╤О╤Й╨╡╨╣ ╨╖╨╜╨░╤З╨╡╨╜╨╕╨╡ NULL. [C:\Users\zxc23\OneDrive\Desktop\final\FinalBot.csproj]
C:\Users\zxc23\OneDrive\Desktop\final\Stealers\DiscordStealer.cs(118,32): warning CS8600: ╨Я╤А╨╡╨╛╨▒╤А╨░╨╖╨╛╨▓╨░╨╜╨╕╨╡ ╨╗╨╕╤В╨╡╤А╨░╨╗╨░, ╨┤╨╛╨┐╤Г╤Б╨║╨░╤О╤Й╨╡╨│╨╛ ╨╖╨╜╨░╤З╨╡╨╜╨╕╨╡ NULL ╨╕╨╗╨╕ ╨▓╨╛╨╖╨╝╨╛╨╢╨╜╨╛╨│╨╛ ╨╖╨╜╨░╤З╨╡╨╜╨╕╤П NULL ╨▓ ╤В╨╕╨┐, ╨╜╨╡ ╨┤╨╛╨┐╤Г╤Б╨║╨░╤О╤Й╨╕╨╣ ╨╖╨╜╨░╤З╨╡╨╜╨╕╨╡ NULL. [C:\Users\zxc23\OneDrive\Desktop\final\FinalBot.csproj]
C:\Users\zxc23\OneDrive\Desktop\final\defense\SafetyManager.cs(1067,17): warning CS0618: "TimeZone" ╤П╨▓╨╗╤П╨╡╤В╤Б╤П ╤Г╤Б╤В╨░╤А╨╡╨▓╤И╨╕╨╝: 'System.TimeZone has been deprecated. Investigate the use of System.TimeZoneInfo instead.' [C:\Users\zxc23\OneDrive\Desktop\final\FinalBot.csproj]
C:\Users\zxc23\OneDrive\Desktop\final\defense\SafetyManager.cs(1067,31): warning CS0618: "TimeZone" ╤П╨▓╨╗╤П╨╡╤В╤Б╤П ╤Г╤Б╤В╨░╤А╨╡╨▓╤И╨╕╨╝: 'System.TimeZone has been deprecated. Investigate the use of System.TimeZoneInfo instead.' [C:\Users\zxc23\OneDrive\Desktop\final\FinalBot.csproj]
C:\Users\zxc23\OneDrive\Desktop\final\defense\SafetyManager.cs(1016,45): warning CS8604: ╨Т╨╛╨╖╨╝╨╛╨╢╨╜╨╛, ╨░╤А╨│╤Г╨╝╨╡╨╜╤В-╤Б╤Б╤Л╨╗╨║╨░, ╨┤╨╛╨┐╤Г╤Б╨║╨░╤О╤Й╨╕╨╣ ╨╖╨╜╨░╤З╨╡╨╜╨╕╨╡ NULL, ╨┤╨╗╤П ╨┐╨░╤А╨░╨╝╨╡╤В╤А╨░ "driveName" ╨▓ "DriveInfo.DriveInfo(string driveName)". [C:\Users\zxc23\OneDrive\Desktop\final\FinalBot.csproj]
C:\Users\zxc23\OneDrive\Desktop\final\Stealers\DiscordStealer.cs(158,49): warning CS8603: ╨Т╨╛╨╖╨╝╨╛╨╢╨╜╨╛, ╨▓╨╛╨╖╨▓╤А╨░╤В ╤Б╤Б╤Л╨╗╨║╨╕, ╨┤╨╛╨┐╤Г╤Б╨║╨░╤О╤Й╨╡╨╣ ╨╖╨╜╨░╤З╨╡╨╜╨╕╨╡ NULL. [C:\Users\zxc23\OneDrive\Desktop\final\FinalBot.csproj]
C:\Users\zxc23\OneDrive\Desktop\final\Stealers\DiscordStealer.cs(164,39): warning CS8600: ╨Я╤А╨╡╨╛╨▒╤А╨░╨╖╨╛╨▓╨░╨╜╨╕╨╡ ╨╗╨╕╤В╨╡╤А╨░╨╗╨░, ╨┤╨╛╨┐╤Г╤Б╨║╨░╤О╤Й╨╡╨│╨╛ ╨╖╨╜╨░╤З╨╡╨╜╨╕╨╡ NULL ╨╕╨╗╨╕ ╨▓╨╛╨╖╨╝╨╛╨╢╨╜╨╛╨│╨╛ ╨╖╨╜╨░╤З╨╡╨╜╨╕╤П NULL ╨▓ ╤В╨╕╨┐, ╨╜╨╡ ╨┤╨╛╨┐╤Г╤Б╨║╨░╤О╤Й╨╕╨╣ ╨╖╨╜╨░╤З╨╡╨╜╨╕╨╡ NULL. [C:\Users\zxc23\OneDrive\Desktop\final\FinalBot.csproj]
C:\Users\zxc23\OneDrive\Desktop\final\Stealers\DiscordStealer.cs(165,64): warning CS8603: ╨Т╨╛╨╖╨╝╨╛╨╢╨╜╨╛, ╨▓╨╛╨╖╨▓╤А╨░╤В ╤Б╤Б╤Л╨╗╨║╨╕, ╨┤╨╛╨┐╤Г╤Б╨║╨░╤О╤Й╨╡╨╣ ╨╖╨╜╨░╤З╨╡╨╜╨╕╨╡ NULL. [C:\Users\zxc23\OneDrive\Desktop\final\FinalBot.csproj]
C:\Users\zxc23\OneDrive\Desktop\final\Stealers\DiscordStealer.cs(172,28): warning CS8603: ╨Т╨╛╨╖╨╝╨╛╨╢╨╜╨╛, ╨▓╨╛╨╖╨▓╤А╨░╤В ╤Б╤Б╤Л╨╗╨║╨╕, ╨┤╨╛╨┐╤Г╤Б╨║╨░╤О╤Й╨╡╨╣ ╨╖╨╜╨░╤З╨╡╨╜╨╕╨╡ NULL. [C:\Users\zxc23\OneDrive\Desktop\final\FinalBot.csproj]
C:\Users\zxc23\OneDrive\Desktop\final\Stealers\DiscordStealer.cs(193,28): warning CS8603: ╨Т╨╛╨╖╨╝╨╛╨╢╨╜╨╛, ╨▓╨╛╨╖╨▓╤А╨░╤В ╤Б╤Б╤Л╨╗╨║╨╕, ╨┤╨╛╨┐╤Г╤Б╨║╨░╤О╤Й╨╡╨╣ ╨╖╨╜╨░╤З╨╡╨╜╨╕╨╡ NULL. [C:\Users\zxc23\OneDrive\Desktop\final\FinalBot.csproj]
C:\Users\zxc23\OneDrive\Desktop\final\defense\SafetyManager.cs(1157,30): warning CS0168: ╨Я╨╡╤А╨╡╨╝╨╡╨╜╨╜╨░╤П "ex" ╨╛╨▒╤К╤П╨▓╨╗╨╡╨╜╨░, ╨╜╨╛ ╨╜╨╕ ╤А╨░╨╖╤Г ╨╜╨╡ ╨╕╤Б╨┐╨╛╨╗╤М╨╖╨╛╨▓╨░╨╜╨░. [C:\Users\zxc23\OneDrive\Desktop\final\FinalBot.csproj]
C:\Users\zxc23\OneDrive\Desktop\final\defense\SafetyManager.cs(1347,42): warning CS8600: ╨Я╤А╨╡╨╛╨▒╤А╨░╨╖╨╛╨▓╨░╨╜╨╕╨╡ ╨╗╨╕╤В╨╡╤А╨░╨╗╨░, ╨┤╨╛╨┐╤Г╤Б╨║╨░╤О╤Й╨╡╨│╨╛ ╨╖╨╜╨░╤З╨╡╨╜╨╕╨╡ NULL ╨╕╨╗╨╕ ╨▓╨╛╨╖╨╝╨╛╨╢╨╜╨╛╨│╨╛ ╨╖╨╜╨░╤З╨╡╨╜╨╕╤П NULL ╨▓ ╤В╨╕╨┐, ╨╜╨╡ ╨┤╨╛╨┐╤Г╤Б╨║╨░╤О╤Й╨╕╨╣ ╨╖╨╜╨░╤З╨╡╨╜╨╕╨╡ NULL. [C:\Users\zxc23\OneDrive\Desktop\final\FinalBot.csproj]
C:\Users\zxc23\OneDrive\Desktop\final\defense\SafetyManager.cs(1439,34): warning CS0168: ╨Я╨╡╤А╨╡╨╝╨╡╨╜╨╜╨░╤П "ex" ╨╛╨▒╤К╤П╨▓╨╗╨╡╨╜╨░, ╨╜╨╛ ╨╜╨╕ ╤А╨░╨╖╤Г ╨╜╨╡ ╨╕╤Б╨┐╨╛╨╗╤М╨╖╨╛╨▓╨░╨╜╨░. [C:\Users\zxc23\OneDrive\Desktop\final\FinalBot.csproj]
C:\Users\zxc23\OneDrive\Desktop\final\defense\SafetyManager.cs(1449,48): warning CS8625: ╨Ы╨╕╤В╨╡╤А╨░╨╗, ╤А╨░╨▓╨╜╤Л╨╣ NULL, ╨╜╨╡ ╨╝╨╛╨╢╨╡╤В ╨▒╤Л╤В╤М ╨┐╤А╨╡╨╛╨▒╤А╨░╨╖╨╛╨▓╨░╨╜ ╨▓ ╤Б╤Б╤Л╨╗╨╛╤З╨╜╤Л╨╣ ╤В╨╕╨┐, ╨╜╨╡ ╨┤╨╛╨┐╤Г╤Б╨║╨░╤О╤Й╨╕╨╣ ╨╖╨╜╨░╤З╨╡╨╜╨╕╨╡ NULL. [C:\Users\zxc23\OneDrive\Desktop\final\FinalBot.csproj]
C:\Users\zxc23\OneDrive\Desktop\final\defense\SafetyManager.cs(1479,36): warning SYSLIB0014: "WebClient.WebClient()" ╤П╨▓╨╗╤П╨╡╤В╤Б╤П ╤Г╤Б╤В╨░╤А╨╡╨▓╤И╨╕╨╝: 'WebRequest, HttpWebRequest, ServicePoint, and WebClient are obsolete. Use HttpClient instead.' (https://aka.ms/dotnet-warnings/SYSLIB0014) [C:\Users\zxc23\OneDrive\Desktop\final\FinalBot.csproj]
C:\Users\zxc23\OneDrive\Desktop\final\defense\SafetyManager.cs(1503,50): warning CS8600: ╨Я╤А╨╡╨╛╨▒╤А╨░╨╖╨╛╨▓╨░╨╜╨╕╨╡ ╨╗╨╕╤В╨╡╤А╨░╨╗╨░, ╨┤╨╛╨┐╤Г╤Б╨║╨░╤О╤Й╨╡╨│╨╛ ╨╖╨╜╨░╤З╨╡╨╜╨╕╨╡ NULL ╨╕╨╗╨╕ ╨▓╨╛╨╖╨╝╨╛╨╢╨╜╨╛╨│╨╛ ╨╖╨╜╨░╤З╨╡╨╜╨╕╤П NULL ╨▓ ╤В╨╕╨┐, ╨╜╨╡ ╨┤╨╛╨┐╤Г╤Б╨║╨░╤О╤Й╨╕╨╣ ╨╖╨╜╨░╤З╨╡╨╜╨╕╨╡ NULL. [C:\Users\zxc23\OneDrive\Desktop\final\FinalBot.csproj]
C:\Users\zxc23\OneDrive\Desktop\final\defense\SafetyManager.cs(1537,48): warning CS8625: ╨Ы╨╕╤В╨╡╤А╨░╨╗, ╤А╨░╨▓╨╜╤Л╨╣ NULL, ╨╜╨╡ ╨╝╨╛╨╢╨╡╤В ╨▒╤Л╤В╤М ╨┐╤А╨╡╨╛╨▒╤А╨░╨╖╨╛╨▓╨░╨╜ ╨▓ ╤Б╤Б╤Л╨╗╨╛╤З╨╜╤Л╨╣ ╤В╨╕╨┐, ╨╜╨╡ ╨┤╨╛╨┐╤Г╤Б╨║╨░╤О╤Й╨╕╨╣ ╨╖╨╜╨░╤З╨╡╨╜╨╕╨╡ NULL. [C:\Users\zxc23\OneDrive\Desktop\final\FinalBot.csproj]
C:\Users\zxc23\OneDrive\Desktop\final\defense\SafetyManager.cs(50,44): warning CS8625: ╨Ы╨╕╤В╨╡╤А╨░╨╗, ╤А╨░╨▓╨╜╤Л╨╣ NULL, ╨╜╨╡ ╨╝╨╛╨╢╨╡╤В ╨▒╤Л╤В╤М ╨┐╤А╨╡╨╛╨▒╤А╨░╨╖╨╛╨▓╨░╨╜ ╨▓ ╤Б╤Б╤Л╨╗╨╛╤З╨╜╤Л╨╣ ╤В╨╕╨┐, ╨╜╨╡ ╨┤╨╛╨┐╤Г╤Б╨║╨░╤О╤Й╨╕╨╣ ╨╖╨╜╨░╤З╨╡╨╜╨╕╨╡ NULL. [C:\Users\zxc23\OneDrive\Desktop\final\FinalBot.csproj]
C:\Users\zxc23\OneDrive\Desktop\final\defense\SafetyManager.cs(62,31): warning CS8618: ╨┐╨╛╨╗╨╡ "AES_KEY", ╨╜╨╡ ╨┤╨╛╨┐╤Г╤Б╨║╨░╤О╤Й╨╕╨╣ ╨╖╨╜╨░╤З╨╡╨╜╨╕╤П NULL, ╨┤╨╛╨╗╨╢╨╡╨╜ ╤Б╨╛╨┤╨╡╤А╨╢╨░╤В╤М ╨╖╨╜╨░╤З╨╡╨╜╨╕╨╡, ╨╛╤В╨╗╨╕╤З╨╜╨╛╨╡ ╨╛╤В NULL, ╨┐╤А╨╕ ╨▓╤Л╤Е╨╛╨┤╨╡ ╨╕╨╖ ╨║╨╛╨╜╤Б╤В╤А╤Г╨║╤В╨╛╤А╨░. ╨а╨░╤Б╤Б╨╝╨╛╤В╤А╨╕╤В╨╡ ╨▓╨╛╨╖╨╝╨╛╨╢╨╜╨╛╤Б╤В╤М ╨┤╨╛╨▒╨░╨▓╨╗╨╡╨╜╨╕╤П ╨╝╨╛╨┤╨╕╤Д╨╕╨║╨░╤В╨╛╤А╨░ "required" ╨╕╨╗╨╕ ╨╛╨▒╤К╤П╨▓╨╗╨╡╨╜╨╕╤П ╨╖╨╜╨░╤З╨╡╨╜╨╕╤П ╨┐╨╛╨╗╨╡, ╨┤╨╛╨┐╤Г╤Б╨║╨░╤О╤Й╨╡╨│╨╛ ╨╖╨╜╨░╤З╨╡╨╜╨╕╨╡ NULL. [C:\Users\zxc23\OneDrive\Desktop\final\FinalBot.csproj]
C:\Users\zxc23\OneDrive\Desktop\final\defense\SafetyManager.cs(63,31): warning CS8618: ╨┐╨╛╨╗╨╡ "XOR_SALT", ╨╜╨╡ ╨┤╨╛╨┐╤Г╤Б╨║╨░╤О╤Й╨╕╨╣ ╨╖╨╜╨░╤З╨╡╨╜╨╕╤П NULL, ╨┤╨╛╨╗╨╢╨╡╨╜ ╤Б╨╛╨┤╨╡╤А╨╢╨░╤В╤М ╨╖╨╜╨░╤З╨╡╨╜╨╕╨╡, ╨╛╤В╨╗╨╕╤З╨╜╨╛╨╡ ╨╛╤В NULL, ╨┐╤А╨╕ ╨▓╤Л╤Е╨╛╨┤╨╡ ╨╕╨╖ ╨║╨╛╨╜╤Б╤В╤А╤Г╨║╤В╨╛╤А╨░. ╨а╨░╤Б╤Б╨╝╨╛╤В╤А╨╕╤В╨╡ ╨▓╨╛╨╖╨╝╨╛╨╢╨╜╨╛╤Б╤В╤М ╨┤╨╛╨▒╨░╨▓╨╗╨╡╨╜╨╕╤П ╨╝╨╛╨┤╨╕╤Д╨╕╨║╨░╤В╨╛╤А╨░ "required" ╨╕╨╗╨╕ ╨╛╨▒╤К╤П╨▓╨╗╨╡╨╜╨╕╤П ╨╖╨╜╨░╤З╨╡╨╜╨╕╤П ╨┐╨╛╨╗╨╡, ╨┤╨╛╨┐╤Г╤Б╨║╨░╤О╤Й╨╡╨│╨╛ ╨╖╨╜╨░╤З╨╡╨╜╨╕╨╡ NULL. [C:\Users\zxc23\OneDrive\Desktop\final\FinalBot.csproj]
C:\Users\zxc23\OneDrive\Desktop\final\defense\SafetyManager.cs(1746,28): warning CS8603: ╨Т╨╛╨╖╨╝╨╛╨╢╨╜╨╛, ╨▓╨╛╨╖╨▓╤А╨░╤В ╤Б╤Б╤Л╨╗╨║╨╕, ╨┤╨╛╨┐╤Г╤Б╨║╨░╤О╤Й╨╡╨╣ ╨╖╨╜╨░╤З╨╡╨╜╨╕╨╡ NULL. [C:\Users\zxc23\OneDrive\Desktop\final\FinalBot.csproj]
C:\Users\zxc23\OneDrive\Desktop\final\defense\SafetyManager.cs(1737,28): warning CS0168: ╨Я╨╡╤А╨╡╨╝╨╡╨╜╨╜╨░╤П "hRead" ╨╛╨▒╤К╤П╨▓╨╗╨╡╨╜╨░, ╨╜╨╛ ╨╜╨╕ ╤А╨░╨╖╤Г ╨╜╨╡ ╨╕╤Б╨┐╨╛╨╗╤М╨╖╨╛╨▓╨░╨╜╨░. [C:\Users\zxc23\OneDrive\Desktop\final\FinalBot.csproj]
C:\Users\zxc23\OneDrive\Desktop\final\defense\SafetyManager.cs(1744,34): warning CS0168: ╨Я╨╡╤А╨╡╨╝╨╡╨╜╨╜╨░╤П "ex" ╨╛╨▒╤К╤П╨▓╨╗╨╡╨╜╨░, ╨╜╨╛ ╨╜╨╕ ╤А╨░╨╖╤Г ╨╜╨╡ ╨╕╤Б╨┐╨╛╨╗╤М╨╖╨╛╨▓╨░╨╜╨░. [C:\Users\zxc23\OneDrive\Desktop\final\FinalBot.csproj]
C:\Users\zxc23\OneDrive\Desktop\final\defense\SafetyManager.cs(1762,40): warning CS8600: ╨Я╤А╨╡╨╛╨▒╤А╨░╨╖╨╛╨▓╨░╨╜╨╕╨╡ ╨╗╨╕╤В╨╡╤А╨░╨╗╨░, ╨┤╨╛╨┐╤Г╤Б╨║╨░╤О╤Й╨╡╨│╨╛ ╨╖╨╜╨░╤З╨╡╨╜╨╕╨╡ NULL ╨╕╨╗╨╕ ╨▓╨╛╨╖╨╝╨╛╨╢╨╜╨╛╨│╨╛ ╨╖╨╜╨░╤З╨╡╨╜╨╕╤П NULL ╨▓ ╤В╨╕╨┐, ╨╜╨╡ ╨┤╨╛╨┐╤Г╤Б╨║╨░╤О╤Й╨╕╨╣ ╨╖╨╜╨░╤З╨╡╨╜╨╕╨╡ NULL. [C:\Users\zxc23\OneDrive\Desktop\final\FinalBot.csproj]
C:\Users\zxc23\OneDrive\Desktop\final\defense\SafetyManager.cs(1764,32): warning CS8602: ╨а╨░╨╖╤Л╨╝╨╡╨╜╨╛╨▓╨░╨╜╨╕╨╡ ╨▓╨╡╤А╨╛╤П╤В╨╜╨╛╨╣ ╨┐╤Г╤Б╤В╨╛╨╣ ╤Б╤Б╤Л╨╗╨║╨╕. [C:\Users\zxc23\OneDrive\Desktop\final\FinalBot.csproj]
C:\Users\zxc23\OneDrive\Desktop\final\defense\SafetyManager.cs(1769,28): warning CS8603: ╨Т╨╛╨╖╨╝╨╛╨╢╨╜╨╛, ╨▓╨╛╨╖╨▓╤А╨░╤В ╤Б╤Б╤Л╨╗╨║╨╕, ╨┤╨╛╨┐╤Г╤Б╨║╨░╤О╤Й╨╡╨╣ ╨╖╨╜╨░╤З╨╡╨╜╨╕╨╡ NULL. [C:\Users\zxc23\OneDrive\Desktop\final\FinalBot.csproj]
C:\Users\zxc23\OneDrive\Desktop\final\defense\SafetyManager.cs(1783,71): warning CS8625: ╨Ы╨╕╤В╨╡╤А╨░╨╗, ╤А╨░╨▓╨╜╤Л╨╣ NULL, ╨╜╨╡ ╨╝╨╛╨╢╨╡╤В ╨▒╤Л╤В╤М ╨┐╤А╨╡╨╛╨▒╤А╨░╨╖╨╛╨▓╨░╨╜ ╨▓ ╤Б╤Б╤Л╨╗╨╛╤З╨╜╤Л╨╣ ╤В╨╕╨┐, ╨╜╨╡ ╨┤╨╛╨┐╤Г╤Б╨║╨░╤О╤Й╨╕╨╣ ╨╖╨╜╨░╤З╨╡╨╜╨╕╨╡ NULL. [C:\Users\zxc23\OneDrive\Desktop\final\FinalBot.csproj]
C:\Users\zxc23\OneDrive\Desktop\final\defense\SafetyManager.cs(49,40): warning CS0414: ╨Я╨╛╨╗╤О "SafetyManager.STORAGE_ROOT" ╨┐╤А╨╕╤Б╨▓╨╛╨╡╨╜╨╛ ╨╖╨╜╨░╤З╨╡╨╜╨╕╨╡, ╨╜╨╛ ╨╛╨╜╨╛ ╨╜╨╕ ╤А╨░╨╖╤Г ╨╜╨╡ ╨╕╤Б╨┐╨╛╨╗╤М╨╖╨╛╨▓╨░╨╜╨╛. [C:\Users\zxc23\OneDrive\Desktop\final\FinalBot.csproj]
C:\Users\zxc23\OneDrive\Desktop\final\defense\SafetyManager.cs(52,30): warning CS0414: ╨Я╨╛╨╗╤О "SafetyManager._isWhitelisted" ╨┐╤А╨╕╤Б╨▓╨╛╨╡╨╜╨╛ ╨╖╨╜╨░╤З╨╡╨╜╨╕╨╡, ╨╜╨╛ ╨╛╨╜╨╛ ╨╜╨╕ ╤А╨░╨╖╤Г ╨╜╨╡ ╨╕╤Б╨┐╨╛╨╗╤М╨╖╨╛╨▓╨░╨╜╨╛. [C:\Users\zxc23\OneDrive\Desktop\final\FinalBot.csproj]
C:\Users\zxc23\OneDrive\Desktop\final\defense\SafetyManager.cs(36,40): warning CS0414: ╨Я╨╛╨╗╤О "SafetyManager.PROC_THREAD_ATTRIBUTE_PARENT_PROCESS" ╨┐╤А╨╕╤Б╨▓╨╛╨╡╨╜╨╛ ╨╖╨╜╨░╤З╨╡╨╜╨╕╨╡, ╨╜╨╛ ╨╛╨╜╨╛ ╨╜╨╕ ╤А╨░╨╖╤Г ╨╜╨╡ ╨╕╤Б╨┐╨╛╨╗╤М╨╖╨╛╨▓╨░╨╜╨╛. [C:\Users\zxc23\OneDrive\Desktop\final\FinalBot.csproj]
C:\Users\zxc23\OneDrive\Desktop\final\ReportManager.cs(27,39): error CS1501: ╨Э╨╕ ╨╛╨┤╨╜╨░ ╨╕╨╖ ╨┐╨╡╤А╨╡╨│╤А╤Г╨╖╨╛╨║ ╨╝╨╡╤В╨╛╨┤╨░ "Run" ╨╜╨╡ ╨┐╤А╨╕╨╜╨╕╨╝╨░╨╡╤В 1 ╨░╤А╨│╤Г╨╝╨╡╨╜╤В╨╛╨▓. [C:\Users\zxc23\OneDrive\Desktop\final\FinalBot.csproj]
    ╨Я╤А╨╡╨┤╤Г╨┐╤А╨╡╨╢╨┤╨╡╨╜╨╕╨╣: 115
    ╨Ю╤И╨╕╨▒╨╛╨║: 1

╨Я╤А╨╛╤И╨╗╨╛ ╨▓╤А╨╡╨╝╨╡╨╜╨╕ 00:00:01.84
